Archive member included to satisfy reference by file (symbol)

c:/program files/microchip/xc8/v2.36/avr/bin/../lib/gcc/avr/5.4.0/avr5/memx-const\libgcc.a(_udivmodhi4.o)
                              main.o (__udivmodhi4)
c:/program files/microchip/xc8/v2.36/avr/bin/../lib/gcc/avr/5.4.0/avr5/memx-const\libgcc.a(_udivmodsi4.o)
                              main.o (__udivmodsi4)
c:/program files/microchip/xc8/v2.36/avr/bin/../lib/gcc/avr/5.4.0/avr5/memx-const\libgcc.a(_divmodsi4.o)
                              main.o (__divmodsi4)
c:/program files/microchip/xc8/v2.36/avr/bin/../lib/gcc/avr/5.4.0/avr5/memx-const\libgcc.a(_negsi2.o)
                              c:/program files/microchip/xc8/v2.36/avr/bin/../lib/gcc/avr/5.4.0/avr5/memx-const\libgcc.a(_divmodsi4.o) (__negsi2)
c:/program files/microchip/xc8/v2.36/avr/bin/../lib/gcc/avr/5.4.0/avr5/memx-const\libgcc.a(_copy_data.o)
                              adc.o (__do_clear_bss)
c:/program files/microchip/xc8/v2.36/avr/bin/../lib/gcc/avr/5.4.0/avr5/memx-const\libgcc.a(_umulhisi3.o)
                              main.o (__umulhisi3)
c:/program files/microchip/xc8/v2.36/avr/bin/../lib/gcc/avr/5.4.0/avr5/memx-const\libgcc.a(_usmulhisi3.o)
                              main.o (__usmulhisi3)
c:/program files/microchip/xc8/v2.36/avr/bin/../lib/gcc/avr/5.4.0/avr5/memx-const\libgcc.a(_muluhisi3.o)
                              main.o (__muluhisi3)
c:/program files/microchip/xc8/v2.36/avr/bin/../lib/gcc/avr/5.4.0/avr5/memx-const\libgcc.a(_mulshisi3.o)
                              main.o (__mulshisi3)
c:/program files/microchip/xc8/v2.36/avr/bin/../lib/gcc/avr/5.4.0/avr5/memx-const\libgcc.a(_xload_2.o)
                              can.o (__xload_2)
c:/program files/microchip/xc8/v2.36/avr/bin/../lib/gcc/avr/5.4.0/avr5/memx-const\libgcc.a(_xload_4.o)
                              SPI.o (__xload_4)
c:/program files/microchip/xc8/v2.36/avr/bin/../lib/gcc/avr/5.4.0/avr5/memx-const\libgcc.a(_adddi3_s8.o)
                              rtc_mcp7940n.o (__adddi3_s8)
c:/program files/microchip/xc8/v2.36/avr/bin/../lib/gcc/avr/5.4.0/../../../../avr/lib/avr5/memx-const\libc.a(exit.o)
                              C:/Program Files (x86)/Atmel/Studio/7.0/Packs/atmel/ATmega_DFP/1.7.374/xc8/avr/lib/avr5/memx-const/crtatmega64m1.o (exit)
c:/program files/microchip/xc8/v2.36/avr/bin/../lib/gcc/avr/5.4.0/../../../../avr/lib/avr5/memx-const\libc.a(memcpy.o)
                              can.o (memcpy)
c:/program files/microchip/xc8/v2.36/avr/bin/../lib/gcc/avr/5.4.0/../../../../avr/lib/avr5/memx-const\libc.a(memset.o)
                              STORE.o (memset)
c:/program files/microchip/xc8/v2.36/avr/bin/../lib/gcc/avr/5.4.0/../../../../avr/lib/avr5/memx-const\libc.a(gmtime.o)
                              rtc_mcp7940n.o (gmtime)
c:/program files/microchip/xc8/v2.36/avr/bin/../lib/gcc/avr/5.4.0/../../../../avr/lib/avr5/memx-const\libc.a(gmtime_r.o)
                              c:/program files/microchip/xc8/v2.36/avr/bin/../lib/gcc/avr/5.4.0/../../../../avr/lib/avr5/memx-const\libc.a(gmtime.o) (__gmtime_r)
c:/program files/microchip/xc8/v2.36/avr/bin/../lib/gcc/avr/5.4.0/../../../../avr/lib/avr5/memx-const\libc.a(mktime.o)
                              rtc_mcp7940n.o (mktime)
c:/program files/microchip/xc8/v2.36/avr/bin/../lib/gcc/avr/5.4.0/../../../../avr/lib/avr5/memx-const\libc.a(errno.o)
                              c:/program files/microchip/xc8/v2.36/avr/bin/../lib/gcc/avr/5.4.0/../../../../avr/lib/avr5/memx-const\libc.a(gmtime_r.o) (__errno_val)
c:/program files/microchip/xc8/v2.36/avr/bin/../lib/gcc/avr/5.4.0/../../../../avr/lib/avr5/memx-const\libc.a(_Exit.o)
                              c:/program files/microchip/xc8/v2.36/avr/bin/../lib/gcc/avr/5.4.0/../../../../avr/lib/avr5/memx-const\libc.a(exit.o) (_Exit)
c:/program files/microchip/xc8/v2.36/avr/bin/../lib/gcc/avr/5.4.0/../../../../avr/lib/avr5/memx-const\libc.a(__tm_to_secs.o)
                              c:/program files/microchip/xc8/v2.36/avr/bin/../lib/gcc/avr/5.4.0/../../../../avr/lib/avr5/memx-const\libc.a(mktime.o) (__tm_to_secs)
c:/program files/microchip/xc8/v2.36/avr/bin/../lib/gcc/avr/5.4.0/../../../../avr/lib/avr5/memx-const\libc.a(__year_to_secs.o)
                              c:/program files/microchip/xc8/v2.36/avr/bin/../lib/gcc/avr/5.4.0/../../../../avr/lib/avr5/memx-const\libc.a(__tm_to_secs.o) (__year_to_secs)
c:/program files/microchip/xc8/v2.36/avr/bin/../lib/gcc/avr/5.4.0/../../../../avr/lib/avr5/memx-const\libc.a(__month_to_secs.o)
                              c:/program files/microchip/xc8/v2.36/avr/bin/../lib/gcc/avr/5.4.0/../../../../avr/lib/avr5/memx-const\libc.a(__tm_to_secs.o) (__month_to_secs)
c:/program files/microchip/xc8/v2.36/avr/bin/../lib/gcc/avr/5.4.0/../../../../avr/lib/avr5/memx-const\libc.a(__secs_to_tm.o)
                              c:/program files/microchip/xc8/v2.36/avr/bin/../lib/gcc/avr/5.4.0/../../../../avr/lib/avr5/memx-const\libc.a(gmtime_r.o) (__secs_to_tm)
[...]
Memory Configuration

Name             Origin             Length             Attributes
text             0x0000000000000000 0x0000000000010000 xr
data             0x0000000000800100 0x0000000000001000 rw !x
eeprom           0x0000000000810000 0x0000000000000800 rw !x
fuse             0x0000000000820000 0x0000000000000003 rw !x
lock             0x0000000000830000 0x0000000000000400 rw !x
signature        0x0000000000840000 0x0000000000000400 rw !x
user_signatures  0x0000000000850000 0x0000000000000400 rw !x
*default*        0x0000000000000000 0xffffffffffffffff

Linker script and memory map

Address of section .data set to 0x800100
LOAD C:/Program Files (x86)/Atmel/Studio/7.0/Packs/atmel/ATmega_DFP/1.7.374/xc8/avr/lib/avr5/memx-const/crtatmega64m1.o
LOAD adc.o
LOAD can.o
LOAD debugSerial.o
LOAD EEPROM.o
LOAD I2c.o
LOAD main.o
LOAD rtc_mcp7940n.o
LOAD SD.o
LOAD SPI.o
LOAD STORE.o
LOAD vUART.o
START GROUP
LOAD c:/program files/microchip/xc8/v2.36/avr/bin/../lib/gcc/avr/5.4.0/../../../../avr/lib/avr5/memx-const\libm.a
END GROUP
START GROUP
LOAD c:/program files/microchip/xc8/v2.36/avr/bin/../lib/gcc/avr/5.4.0/avr5/memx-const\libgcc.a
LOAD c:/program files/microchip/xc8/v2.36/avr/bin/../lib/gcc/avr/5.4.0/../../../../avr/lib/avr5/memx-const\libm.a
LOAD c:/program files/microchip/xc8/v2.36/avr/bin/../lib/gcc/avr/5.4.0/../../../../avr/lib/avr5/memx-const\libc.a
LOAD C:/Program Files (x86)/Atmel/Studio/7.0/Packs/atmel/ATmega_DFP/1.7.374/xc8/avr/lib/avr5/memx-const\libatmega64m1.a
END GROUP
                0x0000000000000000                __TEXT_REGION_ORIGIN__ = DEFINED (__TEXT_REGION_ORIGIN__)?__TEXT_REGION_ORIGIN__:0x0
                [0x0000000000800100]                __DATA_REGION_ORIGIN__ = DEFINED (__DATA_REGION_ORIGIN__)?__DATA_REGION_ORIGIN__:0x800060
                [0x0000000000010000]                __TEXT_REGION_LENGTH__ = DEFINED (__TEXT_REGION_LENGTH__)?__TEXT_REGION_LENGTH__:0x20000
                [0x0000000000001000]                __DATA_REGION_LENGTH__ = DEFINED (__DATA_REGION_LENGTH__)?__DATA_REGION_LENGTH__:0xffa0
                [0x0000000000000800]                __EEPROM_REGION_LENGTH__ = DEFINED (__EEPROM_REGION_LENGTH__)?__EEPROM_REGION_LENGTH__:0x10000
                [0x0000000000000003]                __FUSE_REGION_LENGTH__ = DEFINED (__FUSE_REGION_LENGTH__)?__FUSE_REGION_LENGTH__:0x400
                0x0000000000000400                __LOCK_REGION_LENGTH__ = DEFINED (__LOCK_REGION_LENGTH__)?__LOCK_REGION_LENGTH__:0x400
                0x0000000000000400                __SIGNATURE_REGION_LENGTH__ = DEFINED (__SIGNATURE_REGION_LENGTH__)?__SIGNATURE_REGION_LENGTH__:0x400
                0x0000000000000400                __USER_SIGNATURE_REGION_LENGTH__ = DEFINED (__USER_SIGNATURE_REGION_LENGTH__)?__USER_SIGNATURE_REGION_LENGTH__:0x400

.hash
 *(.hash)

.dynsym
 *(.dynsym)

.dynstr
 *(.dynstr)

.gnu.version
 *(.gnu.version)

.gnu.version_d
 *(.gnu.version_d)

.gnu.version_r
 *(.gnu.version_r)

.rel.init
 *(.rel.init)

.rela.init
 *(.rela.init)

.rel.text
 *(.rel.text)
 *(.rel.text.*)
 *(.rel.gnu.linkonce.t*)

.rela.text
 *(.rela.text)
 *(.rela.text.*)
 *(.rela.gnu.linkonce.t*)

.rel.fini
 *(.rel.fini)

.rela.fini
 *(.rela.fini)

.rel.rodata
 *(.rel.rodata)
 *(.rel.rodata.*)
 *(.rel.gnu.linkonce.r*)

.rela.rodata
 *(.rela.rodata)
 *(.rela.rodata.*)
 *(.rela.gnu.linkonce.r*)

.rel.data
 *(.rel.data)
 *(.rel.data.*)
 *(.rel.gnu.linkonce.d*)

.rela.data
 *(.rela.data)
 *(.rela.data.*)
 *(.rela.gnu.linkonce.d*)

.rel.ctors
 *(.rel.ctors)

.rela.ctors
 *(.rela.ctors)

.rel.dtors
 *(.rel.dtors)

.rela.dtors
 *(.rela.dtors)

.rel.got
 *(.rel.got)

.rela.got
 *(.rela.got)

.rel.bss
 *(.rel.bss)

.rela.bss
 *(.rela.bss)

.rel.plt
 *(.rel.plt)

.rela.plt
 *(.rela.plt)

.text           0x0000000000000000       0xda
 *(.vectors)
 .vectors       0x0000000000000000       0x7c C:/Program Files (x86)/Atmel/Studio/7.0/Packs/atmel/ATmega_DFP/1.7.374/xc8/avr/lib/avr5/memx-const/crtatmega64m1.o
                0x0000000000000000                __vector_default
                0x0000000000000000                __vectors
 *(.vectors)
 *(.progmem.gcc*)
 *(.dinit)
 .dinit         0x000000000000007c        0xa data_init
                0x0000000000000086                . = ALIGN (0x2)
                0x0000000000000086                __trampolines_start = .
 *(.trampolines)
 .trampolines   0x0000000000000086        0x0 linker stubs
 *(.trampolines*)
                0x0000000000000086                __trampolines_end = .
 *libprintf_flt.a:*(.progmem.data)
 *libc.a:*(.progmem.data)
                0x0000000000000086                . = ALIGN (0x2)
 *(.jumptables)
 *(.jumptables*)
 *(.lowtext)
 *(.lowtext*)
                0x0000000000000086                __ctors_start = .
 *(.ctors)
                0x0000000000000086                __ctors_end = .
                0x0000000000000086                __dtors_start = .
 *(.dtors)
                0x0000000000000086                __dtors_end = .
 SORT(*)(.ctors)
 SORT(*)(.dtors)
 *(.init0)
 .init0         0x0000000000000086        0x0 C:/Program Files (x86)/Atmel/Studio/7.0/Packs/atmel/ATmega_DFP/1.7.374/xc8/avr/lib/avr5/memx-const/crtatmega64m1.o
                0x0000000000000086                __init
 *(.init0)
 *(.init1)
 *(.init1)
 *(.init2)
 .init2         0x0000000000000086        0xc C:/Program Files (x86)/Atmel/Studio/7.0/Packs/atmel/ATmega_DFP/1.7.374/xc8/avr/lib/avr5/memx-const/crtatmega64m1.o
 *(.init2)
 *(.init3)
 *(.init3)
 *(.init4)
 .init4         0x0000000000000092       0x3c c:/program files/microchip/xc8/v2.36/avr/bin/../lib/gcc/avr/5.4.0/avr5/memx-const\libgcc.a(_copy_data.o)
                0x0000000000000092                __do_copy_data
                0x00000000000000c0                __do_clear_bss
 *(.init4)
 *(.init5)
 *(.init5)
 *(.init6)
 *(.init6)
 *(.init7)
 *(.init7)
 *(.init8)
 *(.init8)
 *(.init9)
 .init9         0x00000000000000ce        0x8 C:/Program Files (x86)/Atmel/Studio/7.0/Packs/atmel/ATmega_DFP/1.7.374/xc8/avr/lib/avr5/memx-const/crtatmega64m1.o
 *(.init9)
                0x00000000000000d6                . = ALIGN (0x2)
 *(.fini9)
 .fini9         0x00000000000000d6        0x0 c:/program files/microchip/xc8/v2.36/avr/bin/../lib/gcc/avr/5.4.0/avr5/memx-const\libgcc.a(_exit.o)
                0x00000000000000d6                _exit
 *(.fini9)
 *(.fini8)
 *(.fini8)
 *(.fini7)
 *(.fini7)
 *(.fini6)
 *(.fini6)
 *(.fini5)
 *(.fini5)
 *(.fini4)
 *(.fini4)
 *(.fini3)
 *(.fini3)
 *(.fini2)
 *(.fini2)
 *(.fini1)
 *(.fini1)
 *(.fini0)
 .fini0         0x00000000000000d6        0x4 c:/program files/microchip/xc8/v2.36/avr/bin/../lib/gcc/avr/5.4.0/avr5/memx-const\libgcc.a(_exit.o)
 *(.fini0)
                0x00000000000000da                _etext = .

.data           0x0000000000800100        0x0 load address 0x00000000000000da
                [!provide]                        PROVIDE (__data_start, .)
 *(.gnu.linkonce.d*)
 *(.gnu.linkonce.r*)
                0x0000000000800100                . = ALIGN (0x2)
                0x0000000000800100                _edata = .
                [!provide]                        PROVIDE (__data_end, .)

.bss            0x0000000000800100        0x2
                [!provide]                        PROVIDE (__bss_start, .)
 *(COMMON)
 COMMON         0x0000000000800100        0x2 c:/program files/microchip/xc8/v2.36/avr/bin/../lib/gcc/avr/5.4.0/../../../../avr/lib/avr5/memx-const\libc.a(errno.o)
                0x0000000000800100                __errno_val
                [!provide]                        PROVIDE (__bss_end, .)
                0x00000000000000da                __data_load_start = LOADADDR (.data)
                0x00000000000000da                __data_load_end = (__data_load_start + SIZEOF (.data))

.noinit         0x0000000000800102      0x422
                [!provide]                        PROVIDE (__noinit_start, .)
 *(.noinit*)
 *fill*         0x0000000000800102        0x2 
 .noinit        0x0000000000800104      0x420 main.o
                [!provide]                        PROVIDE (__noinit_end, .)
                0x0000000000800524                _end = .

.eeprom         0x0000000000810000        0x0
 *(.eeprom*)
                0x0000000000810000                __eeprom_end = .

.fuse
 *(.fuse)
 *(.lfuse)
 *(.hfuse)
 *(.efuse)

.lock
 *(.lock*)

.signature
 *(.signature*)

.user_signatures
 *(.user_signatures*)

.stab
 *(.stab)

.stabstr
 *(.stabstr)

.stab.excl
 *(.stab.excl)

.stab.exclstr
 *(.stab.exclstr)

.stab.index
 *(.stab.index)

.stab.indexstr
 *(.stab.indexstr)

.comment        0x0000000000000000       0x2f
 *(.comment)
 .comment       0x0000000000000000       0x2f adc.o
                                         0x30 (size before relaxing)
 .comment       0x000000000000002f       0x30 can.o
 .comment       0x000000000000002f       0x30 debugSerial.o
 .comment       0x000000000000002f       0x30 EEPROM.o
 .comment       0x000000000000002f       0x30 I2c.o
 .comment       0x000000000000002f       0x30 main.o
 .comment       0x000000000000002f       0x30 rtc_mcp7940n.o
 .comment       0x000000000000002f       0x30 SD.o
 .comment       0x000000000000002f       0x30 SPI.o
 .comment       0x000000000000002f       0x30 STORE.o
 .comment       0x000000000000002f       0x30 vUART.o
 .comment       0x000000000000002f       0x30 c:/program files/microchip/xc8/v2.36/avr/bin/../lib/gcc/avr/5.4.0/../../../../avr/lib/avr5/memx-const\libc.a(exit.o)
 .comment       0x000000000000002f       0x30 c:/program files/microchip/xc8/v2.36/avr/bin/../lib/gcc/avr/5.4.0/../../../../avr/lib/avr5/memx-const\libc.a(memcpy.o)
 .comment       0x000000000000002f       0x30 c:/program files/microchip/xc8/v2.36/avr/bin/../lib/gcc/avr/5.4.0/../../../../avr/lib/avr5/memx-const\libc.a(memset.o)
 .comment       0x000000000000002f       0x30 c:/program files/microchip/xc8/v2.36/avr/bin/../lib/gcc/avr/5.4.0/../../../../avr/lib/avr5/memx-const\libc.a(gmtime.o)
 .comment       0x000000000000002f       0x30 c:/program files/microchip/xc8/v2.36/avr/bin/../lib/gcc/avr/5.4.0/../../../../avr/lib/avr5/memx-const\libc.a(gmtime_r.o)
 .comment       0x000000000000002f       0x30 c:/program files/microchip/xc8/v2.36/avr/bin/../lib/gcc/avr/5.4.0/../../../../avr/lib/avr5/memx-const\libc.a(mktime.o)
 .comment       0x000000000000002f       0x30 c:/program files/microchip/xc8/v2.36/avr/bin/../lib/gcc/avr/5.4.0/../../../../avr/lib/avr5/memx-const\libc.a(errno.o)
 .comment       0x000000000000002f       0x30 c:/program files/microchip/xc8/v2.36/avr/bin/../lib/gcc/avr/5.4.0/../../../../avr/lib/avr5/memx-const\libc.a(_Exit.o)
 .comment       0x000000000000002f       0x30 c:/program files/microchip/xc8/v2.36/avr/bin/../lib/gcc/avr/5.4.0/../../../../avr/lib/avr5/memx-const\libc.a(__tm_to_secs.o)
 .comment       0x000000000000002f       0x30 c:/program files/microchip/xc8/v2.36/avr/bin/../lib/gcc/avr/5.4.0/../../../../avr/lib/avr5/memx-const\libc.a(__year_to_secs.o)
 .comment       0x000000000000002f       0x30 c:/program files/microchip/xc8/v2.36/avr/bin/../lib/gcc/avr/5.4.0/../../../../avr/lib/avr5/memx-const\libc.a(__month_to_secs.o)
 .comment       0x000000000000002f       0x30 c:/program files/microchip/xc8/v2.36/avr/bin/../lib/gcc/avr/5.4.0/../../../../avr/lib/avr5/memx-const\libc.a(__secs_to_tm.o)

.stack.descriptors.hdr
                0x0000000000000000      0x142
 .stack.descriptors.hdr
                0x0000000000000000        0xe c:/program files/microchip/xc8/v2.36/avr/bin/../lib/gcc/avr/5.4.0/avr5/memx-const\libgcc.a(_udivmodhi4.o)
 .stack.descriptors.hdr
                0x000000000000000e        0xe c:/program files/microchip/xc8/v2.36/avr/bin/../lib/gcc/avr/5.4.0/avr5/memx-const\libgcc.a(_udivmodsi4.o)
 .stack.descriptors.hdr
                0x000000000000001c        0xe c:/program files/microchip/xc8/v2.36/avr/bin/../lib/gcc/avr/5.4.0/avr5/memx-const\libgcc.a(_divmodsi4.o)
 .stack.descriptors.hdr
                0x000000000000002a        0xe c:/program files/microchip/xc8/v2.36/avr/bin/../lib/gcc/avr/5.4.0/avr5/memx-const\libgcc.a(_negsi2.o)
 .stack.descriptors.hdr
                0x0000000000000038        0xe c:/program files/microchip/xc8/v2.36/avr/bin/../lib/gcc/avr/5.4.0/avr5/memx-const\libgcc.a(_umulhisi3.o)
 .stack.descriptors.hdr
                0x0000000000000046        0xe c:/program files/microchip/xc8/v2.36/avr/bin/../lib/gcc/avr/5.4.0/avr5/memx-const\libgcc.a(_usmulhisi3.o)
 .stack.descriptors.hdr
                0x0000000000000054        0xe c:/program files/microchip/xc8/v2.36/avr/bin/../lib/gcc/avr/5.4.0/avr5/memx-const\libgcc.a(_muluhisi3.o)
 .stack.descriptors.hdr
                0x0000000000000062        0xe c:/program files/microchip/xc8/v2.36/avr/bin/../lib/gcc/avr/5.4.0/avr5/memx-const\libgcc.a(_mulshisi3.o)
 .stack.descriptors.hdr
                0x0000000000000070        0xe c:/program files/microchip/xc8/v2.36/avr/bin/../lib/gcc/avr/5.4.0/avr5/memx-const\libgcc.a(_xload_2.o)
 .stack.descriptors.hdr
                0x000000000000007e        0xe c:/program files/microchip/xc8/v2.36/avr/bin/../lib/gcc/avr/5.4.0/avr5/memx-const\libgcc.a(_xload_4.o)
 .stack.descriptors.hdr
                0x000000000000008c        0xe c:/program files/microchip/xc8/v2.36/avr/bin/../lib/gcc/avr/5.4.0/avr5/memx-const\libgcc.a(_adddi3_s8.o)
 .stack.descriptors.hdr
                0x000000000000009a        0xe c:/program files/microchip/xc8/v2.36/avr/bin/../lib/gcc/avr/5.4.0/avr5/memx-const\libgcc.a(_divmodhi4.o)
 .stack.descriptors.hdr
                0x00000000000000a8        0xe c:/program files/microchip/xc8/v2.36/avr/bin/../lib/gcc/avr/5.4.0/avr5/memx-const\libgcc.a(_exit.o)
 .stack.descriptors.hdr
                0x00000000000000b6        0xe c:/program files/microchip/xc8/v2.36/avr/bin/../lib/gcc/avr/5.4.0/avr5/memx-const\libgcc.a(_muldi3.o)
 .stack.descriptors.hdr
                0x00000000000000c4        0xe c:/program files/microchip/xc8/v2.36/avr/bin/../lib/gcc/avr/5.4.0/avr5/memx-const\libgcc.a(_muldi3_6.o)
 .stack.descriptors.hdr
                0x00000000000000d2        0xe c:/program files/microchip/xc8/v2.36/avr/bin/../lib/gcc/avr/5.4.0/avr5/memx-const\libgcc.a(_mulsidi3.o)
 .stack.descriptors.hdr
                0x00000000000000e0        0xe c:/program files/microchip/xc8/v2.36/avr/bin/../lib/gcc/avr/5.4.0/avr5/memx-const\libgcc.a(_umulsidi3.o)
 .stack.descriptors.hdr
                0x00000000000000ee        0xe c:/program files/microchip/xc8/v2.36/avr/bin/../lib/gcc/avr/5.4.0/avr5/memx-const\libgcc.a(_divdi3.o)
 .stack.descriptors.hdr
                0x00000000000000fc        0xe c:/program files/microchip/xc8/v2.36/avr/bin/../lib/gcc/avr/5.4.0/avr5/memx-const\libgcc.a(_udivdi3.o)
 .stack.descriptors.hdr
                0x000000000000010a        0xe c:/program files/microchip/xc8/v2.36/avr/bin/../lib/gcc/avr/5.4.0/avr5/memx-const\libgcc.a(_udivmod64.o)
 .stack.descriptors.hdr
                0x0000000000000118        0xe c:/program files/microchip/xc8/v2.36/avr/bin/../lib/gcc/avr/5.4.0/avr5/memx-const\libgcc.a(_negdi2.o)
 .stack.descriptors.hdr
                0x0000000000000126        0xe c:/program files/microchip/xc8/v2.36/avr/bin/../lib/gcc/avr/5.4.0/avr5/memx-const\libgcc.a(_adddi3.o)
 .stack.descriptors.hdr
                0x0000000000000134        0xe c:/program files/microchip/xc8/v2.36/avr/bin/../lib/gcc/avr/5.4.0/avr5/memx-const\libgcc.a(_cmpdi2.o)

.note.GNU-stack
                0x0000000000000000        0x0
 .note.GNU-stack
                0x0000000000000000        0x0 c:/program files/microchip/xc8/v2.36/avr/bin/../lib/gcc/avr/5.4.0/../../../../avr/lib/avr5/memx-const\libc.a(exit.o)
 .note.GNU-stack
                0x0000000000000000        0x0 c:/program files/microchip/xc8/v2.36/avr/bin/../lib/gcc/avr/5.4.0/../../../../avr/lib/avr5/memx-const\libc.a(memcpy.o)
 .note.GNU-stack
                0x0000000000000000        0x0 c:/program files/microchip/xc8/v2.36/avr/bin/../lib/gcc/avr/5.4.0/../../../../avr/lib/avr5/memx-const\libc.a(memset.o)
 .note.GNU-stack
                0x0000000000000000        0x0 c:/program files/microchip/xc8/v2.36/avr/bin/../lib/gcc/avr/5.4.0/../../../../avr/lib/avr5/memx-const\libc.a(gmtime.o)
 .note.GNU-stack
                0x0000000000000000        0x0 c:/program files/microchip/xc8/v2.36/avr/bin/../lib/gcc/avr/5.4.0/../../../../avr/lib/avr5/memx-const\libc.a(gmtime_r.o)
 .note.GNU-stack
                0x0000000000000000        0x0 c:/program files/microchip/xc8/v2.36/avr/bin/../lib/gcc/avr/5.4.0/../../../../avr/lib/avr5/memx-const\libc.a(mktime.o)
 .note.GNU-stack
                0x0000000000000000        0x0 c:/program files/microchip/xc8/v2.36/avr/bin/../lib/gcc/avr/5.4.0/../../../../avr/lib/avr5/memx-const\libc.a(errno.o)
 .note.GNU-stack
                0x0000000000000000        0x0 c:/program files/microchip/xc8/v2.36/avr/bin/../lib/gcc/avr/5.4.0/../../../../avr/lib/avr5/memx-const\libc.a(_Exit.o)
 .note.GNU-stack
                0x0000000000000000        0x0 c:/program files/microchip/xc8/v2.36/avr/bin/../lib/gcc/avr/5.4.0/../../../../avr/lib/avr5/memx-const\libc.a(__tm_to_secs.o)
 .note.GNU-stack
                0x0000000000000000        0x0 c:/program files/microchip/xc8/v2.36/avr/bin/../lib/gcc/avr/5.4.0/../../../../avr/lib/avr5/memx-const\libc.a(__year_to_secs.o)
 .note.GNU-stack
                0x0000000000000000        0x0 c:/program files/microchip/xc8/v2.36/avr/bin/../lib/gcc/avr/5.4.0/../../../../avr/lib/avr5/memx-const\libc.a(__month_to_secs.o)
 .note.GNU-stack
                0x0000000000000000        0x0 c:/program files/microchip/xc8/v2.36/avr/bin/../lib/gcc/avr/5.4.0/../../../../avr/lib/avr5/memx-const\libc.a(__secs_to_tm.o)

.note.gnu.build-id
 *(.note.gnu.build-id)

.debug
 *(.debug)

.line
 *(.line)

.debug_srcinfo
 *(.debug_srcinfo)

.debug_sfnames
 *(.debug_sfnames)

.debug_aranges  0x0000000000000000      0x550
 *(.debug_aranges)
 .debug_aranges
                0x0000000000000000       0x40 adc.o
 .debug_aranges
                0x0000000000000040       0xa8 can.o
 .debug_aranges
                0x00000000000000e8       0x20 debugSerial.o
 .debug_aranges
                0x0000000000000108       0x28 EEPROM.o
 .debug_aranges
                0x0000000000000130       0x58 I2c.o
 .debug_aranges
                0x0000000000000188      0x1c0 main.o
 .debug_aranges
                0x0000000000000348       0x78 rtc_mcp7940n.o
 .debug_aranges
                0x00000000000003c0       0xa0 SD.o
 .debug_aranges
                0x0000000000000460       0x30 SPI.o
 .debug_aranges
                0x0000000000000490       0x58 STORE.o
 .debug_aranges
                0x00000000000004e8       0x68 vUART.o

.debug_pubnames
 *(.debug_pubnames)

.debug_info     0x0000000000000000     0x92c8
 *(.debug_info .gnu.linkonce.wi.*)
 .debug_info    0x0000000000000000      0xa40 C:/Program Files (x86)/Atmel/Studio/7.0/Packs/atmel/ATmega_DFP/1.7.374/xc8/avr/lib/avr5/memx-const/crtatmega64m1.o
 .debug_info    0x0000000000000a40      0x4d8 adc.o
 .debug_info    0x0000000000000f18     0x1307 can.o
 .debug_info    0x000000000000221f      0x274 debugSerial.o
 .debug_info    0x0000000000002493      0x2a7 EEPROM.o
 .debug_info    0x000000000000273a      0x4ee I2c.o
 .debug_info    0x0000000000002c28     0x2e0f main.o
 .debug_info    0x0000000000005a37      0xdfa rtc_mcp7940n.o
 .debug_info    0x0000000000006831     0x10f0 SD.o
 .debug_info    0x0000000000007921      0x3d3 SPI.o
 .debug_info    0x0000000000007cf4      0xf05 STORE.o
 .debug_info    0x0000000000008bf9      0x6cf vUART.o

.debug_abbrev   0x0000000000000000     0x1af7
 *(.debug_abbrev)
 .debug_abbrev  0x0000000000000000      0x9b2 C:/Program Files (x86)/Atmel/Studio/7.0/Packs/atmel/ATmega_DFP/1.7.374/xc8/avr/lib/avr5/memx-const/crtatmega64m1.o
 .debug_abbrev  0x00000000000009b2       0xd6 adc.o
 .debug_abbrev  0x0000000000000a88      0x275 can.o
 .debug_abbrev  0x0000000000000cfd       0x5f debugSerial.o
 .debug_abbrev  0x0000000000000d5c       0x80 EEPROM.o
 .debug_abbrev  0x0000000000000ddc       0xe8 I2c.o
 .debug_abbrev  0x0000000000000ec4      0x3ae main.o
 .debug_abbrev  0x0000000000001272      0x276 rtc_mcp7940n.o
 .debug_abbrev  0x00000000000014e8      0x206 SD.o
 .debug_abbrev  0x00000000000016ee       0xdb SPI.o
 .debug_abbrev  0x00000000000017c9      0x1ba STORE.o
 .debug_abbrev  0x0000000000001983      0x174 vUART.o

.debug_line     0x0000000000000000     0x3ab2
 *(.debug_line .debug_line.* .debug_line_end)
 .debug_line    0x0000000000000000      0x154 C:/Program Files (x86)/Atmel/Studio/7.0/Packs/atmel/ATmega_DFP/1.7.374/xc8/avr/lib/avr5/memx-const/crtatmega64m1.o
 .debug_line    0x0000000000000154      0x203 adc.o
 .debug_line    0x0000000000000357      0x814 can.o
 .debug_line    0x0000000000000b6b       0x47 debugSerial.o
 .debug_line    0x0000000000000bb2       0xd7 EEPROM.o
 .debug_line    0x0000000000000c89      0x2fc I2c.o
 .debug_line    0x0000000000000f85     0x1670 main.o
 .debug_line    0x00000000000025f5      0x653 rtc_mcp7940n.o
 .debug_line    0x0000000000002c48      0x613 SD.o
 .debug_line    0x000000000000325b      0x175 SPI.o
 .debug_line    0x00000000000033d0      0x2f8 STORE.o
 .debug_line    0x00000000000036c8      0x3ea vUART.o

.debug_frame    0x0000000000000000     0x12c4
 *(.debug_frame)
 .debug_frame   0x0000000000000000       0xb4 adc.o
 .debug_frame   0x00000000000000b4      0x248 can.o
 .debug_frame   0x00000000000002fc       0x34 debugSerial.o
 .debug_frame   0x0000000000000330       0x34 EEPROM.o
 .debug_frame   0x0000000000000364       0xc4 I2c.o
 .debug_frame   0x0000000000000428      0x6c4 main.o
 .debug_frame   0x0000000000000aec      0x1dc rtc_mcp7940n.o
 .debug_frame   0x0000000000000cc8      0x2c4 SD.o
 .debug_frame   0x0000000000000f8c       0x58 SPI.o
 .debug_frame   0x0000000000000fe4      0x180 STORE.o
 .debug_frame   0x0000000000001164      0x160 vUART.o

.debug_str      0x0000000000000000      0x718
 *(.debug_str)
 .debug_str     0x0000000000000000      0x3d0 C:/Program Files (x86)/Atmel/Studio/7.0/Packs/atmel/ATmega_DFP/1.7.374/xc8/avr/lib/avr5/memx-const/crtatmega64m1.o
 .debug_str     0x00000000000003d0       0x1b adc.o
 .debug_str     0x00000000000003eb       0x4f can.o
 .debug_str     0x000000000000043a        0x0 debugSerial.o
 .debug_str     0x000000000000043a        0xb EEPROM.o
 .debug_str     0x0000000000000445        0x0 I2c.o
 .debug_str     0x0000000000000445      0x18c main.o
 .debug_str     0x00000000000005d1       0x7c rtc_mcp7940n.o
 .debug_str     0x000000000000064d       0x8a SD.o
 .debug_str     0x00000000000006d7        0x0 SPI.o
 .debug_str     0x00000000000006d7       0x14 STORE.o
 .debug_str     0x00000000000006eb       0x2d vUART.o

.debug_loc      0x0000000000000000     0x4926
 *(.debug_loc)
 .debug_loc     0x0000000000000000      0x18f adc.o
 .debug_loc     0x000000000000018f      0x807 can.o
 .debug_loc     0x0000000000000996       0x3b debugSerial.o
 .debug_loc     0x00000000000009d1       0x58 EEPROM.o
 .debug_loc     0x0000000000000a29      0x223 I2c.o
 .debug_loc     0x0000000000000c4c     0x1a4f main.o
 .debug_loc     0x000000000000269b      0xa42 rtc_mcp7940n.o
 .debug_loc     0x00000000000030dd      0xee4 SD.o
 .debug_loc     0x0000000000003fc1      0x23a SPI.o
 .debug_loc     0x00000000000041fb      0x4bb STORE.o
 .debug_loc     0x00000000000046b6      0x270 vUART.o

.debug_macinfo
 *(.debug_macinfo)

.debug_weaknames
 *(.debug_weaknames)

.debug_funcnames
 *(.debug_funcnames)

.debug_typenames
 *(.debug_typenames)

.debug_varnames
 *(.debug_varnames)

.debug_pubtypes
 *(.debug_pubtypes)

.debug_ranges   0x0000000000000000      0x530
 *(.debug_ranges)
 .debug_ranges  0x0000000000000000       0x30 adc.o
 .debug_ranges  0x0000000000000030       0x98 can.o
 .debug_ranges  0x00000000000000c8       0x10 debugSerial.o
 .debug_ranges  0x00000000000000d8       0x18 EEPROM.o
 .debug_ranges  0x00000000000000f0       0x48 I2c.o
 .debug_ranges  0x0000000000000138      0x228 main.o
 .debug_ranges  0x0000000000000360       0x80 rtc_mcp7940n.o
 .debug_ranges  0x00000000000003e0       0x90 SD.o
 .debug_ranges  0x0000000000000470       0x20 SPI.o
 .debug_ranges  0x0000000000000490       0x48 STORE.o
 .debug_ranges  0x00000000000004d8       0x58 vUART.o

.debug_macro
 *(.debug_macro)
OUTPUT(ModuleCPU.elf elf32-avr)
LOAD linker stubs
LOAD data_init

.note.gnu.avr.deviceinfo
                0x0000000000000000       0x40
 .note.gnu.avr.deviceinfo
                0x0000000000000000       0x40 C:/Program Files (x86)/Atmel/Studio/7.0/Packs/atmel/ATmega_DFP/1.7.374/xc8/avr/lib/avr5/memx-const/crtatmega64m1.o

.bss.sg_eCurrentType
                0x0000000000800b47        0x1
 .bss.sg_eCurrentType
                0x0000000000800b47        0x1 adc.o

.bss.sg_eState  0x0000000000800b64        0x1
 .bss.sg_eState
                0x0000000000800b64        0x1 adc.o

.bss.lastREC.2007
                0x0000000000800b65        0x1
 .bss.lastREC.2007
                0x0000000000800b65        0x1 can.o

.bss.lastTEC.2006
                0x0000000000800b66        0x1
 .bss.lastTEC.2006
                0x0000000000800b66        0x1 can.o

.bss.sg_u8TxBackoffDelay
                0x0000000000800b67        0x1
 .bss.sg_u8TxBackoffDelay
                0x0000000000800b67        0x1 can.o

.bss.sg_u8TxOnlyErrorCount
                0x0000000000800b68        0x1
 .bss.sg_u8TxOnlyErrorCount
                0x0000000000800b68        0x1 can.o

.bss.sg_u8BusOffRecoveryDelay
                0x0000000000800b69        0x1
 .bss.sg_u8BusOffRecoveryDelay
                0x0000000000800b69        0x1 can.o

.bss.sg_u16ErrorPassive
                0x0000000000800b45        0x2
 .bss.sg_u16ErrorPassive
                0x0000000000800b45        0x2 can.o

.bss.sg_u16BusOffEvents
                0x0000000000800b54        0x2
 .bss.sg_u16BusOffEvents
                0x0000000000800b54        0x2 can.o

.bss.sg_u16TxOkPolled
                0x0000000000800b56        0x2
 .bss.sg_u16TxOkPolled
                0x0000000000800b56        0x2 can.o

.bss.sg_u16TxErrors
                0x0000000000800b58        0x2
 .bss.sg_u16TxErrors
                0x0000000000800b58        0x2 can.o

.bss.sg_u16TxTimeouts
                0x0000000000800b5a        0x2
 .bss.sg_u16TxTimeouts
                0x0000000000800b5a        0x2 can.o

.bss.sg_bInRetransmit
                0x0000000000800b6a        0x1
 .bss.sg_bInRetransmit
                0x0000000000800b6a        0x1 can.o

.bss.sg_u8LastTXDataLen
                0x0000000000800b6b        0x1
 .bss.sg_u8LastTXDataLen
                0x0000000000800b6b        0x1 can.o

.bss.sg_u8LastTXData
                0x0000000000800b35        0x8
 .bss.sg_u8LastTXData
                0x0000000000800b35        0x8 can.o

.bss.sg_eLastTXType
                0x0000000000800b6c        0x1
 .bss.sg_eLastTXType
                0x0000000000800b6c        0x1 can.o

.bss.sg_u8TransmitAttempts
                0x0000000000800b6d        0x1
 .bss.sg_u8TransmitAttempts
                0x0000000000800b6d        0x1 can.o

.bss.sg_pfRXCallback
                0x0000000000800b5c        0x2
 .bss.sg_pfRXCallback
                0x0000000000800b5c        0x2 can.o

.bss.sg_u8Busy  0x0000000000800b6e        0x1
 .bss.sg_u8Busy
                0x0000000000800b6e        0x1 can.o

.bss.sg_u8PCMSK1
                0x0000000000800b6f        0x1
 .bss.sg_u8PCMSK1
                0x0000000000800b6f        0x1 main.o

.bss.sg_u8PCMSK0
                0x0000000000800b70        0x1
 .bss.sg_u8PCMSK0
                0x0000000000800b70        0x1 main.o

.bss.sg_u8UnhandledInterruptVector
                0x0000000000800b71        0x1
 .bss.sg_u8UnhandledInterruptVector
                0x0000000000800b71        0x1 main.o

.bss.sg_u8Reason
                0x0000000000800b72        0x1
 .bss.sg_u8Reason
                0x0000000000800b72        0x1 main.o

.bss.sg_u8ControllerStatusMsgCount
                0x0000000000800b73        0x1
 .bss.sg_u8ControllerStatusMsgCount
                0x0000000000800b73        0x1 main.o

.bss.sg_u8CellReports
                0x0000000000800b74        0x1
 .bss.sg_u8CellReports
                0x0000000000800b74        0x1 main.o

.bss.sg_u16BytesReceived
                0x0000000000800b5e        0x2
 .bss.sg_u16BytesReceived
                0x0000000000800b5e        0x2 main.o

.bss.sg_u8CellBufferTemp
                0x0000000000800b48        0x4
 .bss.sg_u8CellBufferTemp
                0x0000000000800b48        0x4 main.o

.bss.sg_u8CellBufferRX
                0x0000000000800b75        0x1
 .bss.sg_u8CellBufferRX
                0x0000000000800b75        0x1 main.o

.bss.sg_u8CellIndex
                0x0000000000800b76        0x1
 .bss.sg_u8CellIndex
                0x0000000000800b76        0x1 main.o

.bss.sg_u8TicksSinceLastPackControllerMessage
                0x0000000000800b77        0x1
 .bss.sg_u8TicksSinceLastPackControllerMessage
                0x0000000000800b77        0x1 main.o

.bss.sg_u8CellStringPowerTimer
                0x0000000000800b78        0x1
 .bss.sg_u8CellStringPowerTimer
                0x0000000000800b78        0x1 main.o

.bss.sg_bFrameStart
                0x0000000000800b79        0x1
 .bss.sg_bFrameStart
                0x0000000000800b79        0x1 main.o

.bss.sg_u8CellFrameTimer
                0x0000000000800b7a        0x1
 .bss.sg_u8CellFrameTimer
                0x0000000000800b7a        0x1 main.o

.bss.sg_bIgnoreStatusRequests
                0x0000000000800b7b        0x1
 .bss.sg_bIgnoreStatusRequests
                0x0000000000800b7b        0x1 main.o

.bss.sg_u8AnnouncementDelayTicks
                0x0000000000800b7c        0x1
 .bss.sg_u8AnnouncementDelayTicks
                0x0000000000800b7c        0x1 main.o

.bss.sg_bAnnouncementPending
                0x0000000000800b7d        0x1
 .bss.sg_bAnnouncementPending
                0x0000000000800b7d        0x1 main.o

.bss.sg_u8CurrentBufferIndex
                0x0000000000800b7e        0x1
 .bss.sg_u8CurrentBufferIndex
                0x0000000000800b7e        0x1 main.o

.bss.sg_sCurrenBuffer
                0x0000000000800b15       0x10
 .bss.sg_sCurrenBuffer
                0x0000000000800b15       0x10 main.o

.bss.sg_u64Time
                0x0000000000800b3d        0x8
 .bss.sg_u64Time
                0x0000000000800b3d        0x8 rtc_mcp7940n.o

.bss.sg_u8CSD   0x0000000000800b25       0x10
 .bss.sg_u8CSD  0x0000000000800b25       0x10 SD.o

.bss.sg_u16BlockSize
                0x0000000000800b60        0x2
 .bss.sg_u16BlockSize
                0x0000000000800b60        0x2 SD.o

.bss.sg_u32SDSectorCount
                0x0000000000800b4c        0x4
 .bss.sg_u32SDSectorCount
                0x0000000000800b4c        0x4 SD.o

.bss.frameBuffer
                0x0000000000800524      0x400
 .bss.frameBuffer
                0x0000000000800524      0x400 STORE.o

.bss.currentSector
                0x0000000000800b50        0x4
 .bss.currentSector
                0x0000000000800b50        0x4 STORE.o

.bss.gState     0x0000000000800924      0x1d8
 .bss.gState    0x0000000000800924      0x1d8 STORE.o

.bss.sg_bState  0x0000000000800b7f        0x1
 .bss.sg_bState
                0x0000000000800b7f        0x1 vUART.o

.bss.sg_u8SendData
                0x0000000000800b62        0x2
 .bss.sg_u8SendData
                0x0000000000800b62        0x2 vUART.o

.bss.sg_u8SendIndex
                0x0000000000800b80        0x1
 .bss.sg_u8SendIndex
                0x0000000000800b80        0x1 vUART.o

.bss.sg_bMCTxNextBit
                0x0000000000800b81        0x1
 .bss.sg_bMCTxNextBit
                0x0000000000800b81        0x1 vUART.o

.bss.sg_bCellReportsReuested
                0x0000000000800b82        0x1
 .bss.sg_bCellReportsReuested
                0x0000000000800b82        0x1 vUART.o

.bss.sg_etxState
                0x0000000000800b83        0x1
 .bss.sg_etxState
                0x0000000000800b83        0x1 vUART.o

.bss.sg_btxMoreAvailable
                0x0000000000800b84        0x1
 .bss.sg_btxMoreAvailable
                0x0000000000800b84        0x1 vUART.o

.bss.sg_u8txDataByte
                0x0000000000800b85        0x1
 .bss.sg_u8txDataByte
                0x0000000000800b85        0x1 vUART.o

.bss.sg_u8txBitCount
                0x0000000000800b86        0x1
 .bss.sg_u8txBitCount
                0x0000000000800b86        0x1 vUART.o

.bss.sg_bCell_mc_rxMoreData
                0x0000000000800b87        0x1
 .bss.sg_bCell_mc_rxMoreData
                0x0000000000800b87        0x1 vUART.o

.bss.sg_bCell_mc_rxPriorState
                0x0000000000800b88        0x1
 .bss.sg_bCell_mc_rxPriorState
                0x0000000000800b88        0x1 vUART.o

.bss.sg_eCell_mc_rxState
                0x0000000000800b89        0x1
 .bss.sg_eCell_mc_rxState
                0x0000000000800b89        0x1 vUART.o

.bss.sg_u8rxDataByte
                0x0000000000800b8a        0x1
 .bss.sg_u8rxDataByte
                0x0000000000800b8a        0x1 vUART.o

.bss.sg_u8Cell_mc_rxBitCount
                0x0000000000800b8b        0x1
 .bss.sg_u8Cell_mc_rxBitCount
                0x0000000000800b8b        0x1 vUART.o

.bss.tm.1240    0x0000000000800afc       0x19
 .bss.tm.1240   0x0000000000800afc       0x19 c:/program files/microchip/xc8/v2.36/avr/bin/../lib/gcc/avr/5.4.0/../../../../avr/lib/avr5/memx-const\libc.a(gmtime.o)

.progmemx.data  0x00000000000000da      0x1a1
 .progmemx.data
                0x00000000000000da      0x1a1 main.o

.progmemx.data.secs_through_month.1090
                0x000000000000027b       0x30
 .progmemx.data.secs_through_month.1090
                0x000000000000027b       0x30 c:/program files/microchip/xc8/v2.36/avr/bin/../lib/gcc/avr/5.4.0/../../../../avr/lib/avr5/memx-const\libc.a(__month_to_secs.o)

.progmemx.data.sg_sSPIBaudRates
                0x00000000000002ab       0x2a
 .progmemx.data.sg_sSPIBaudRates
                0x00000000000002ab       0x2a SPI.o

.progmemx.data.sg_sRXCommandList
                0x00000000000002d5       0x21
 .progmemx.data.sg_sRXCommandList
                0x00000000000002d5       0x21 can.o

.progmemx.data  0x00000000000002f6       0x14
 .progmemx.data
                0x00000000000002f6       0x14 rtc_mcp7940n.o

.progmemx.data.sg_u8FractionalLookup
                0x000000000000030a       0x10
 .progmemx.data.sg_u8FractionalLookup
                0x000000000000030a       0x10 main.o

.progmemx.data.sg_sMuxSelectList
                0x000000000000031a        0xf
 .progmemx.data.sg_sMuxSelectList
                0x000000000000031a        0xf adc.o

.progmemx.data.sg_u8DaysInMonths
                0x0000000000000329        0xc
 .progmemx.data.sg_u8DaysInMonths
                0x0000000000000329        0xc rtc_mcp7940n.o

.progmemx.data.days_in_month.1250
                0x0000000000000335        0xc
 .progmemx.data.days_in_month.1250
                0x0000000000000335        0xc c:/program files/microchip/xc8/v2.36/avr/bin/../lib/gcc/avr/5.4.0/../../../../avr/lib/avr5/memx-const\libc.a(__secs_to_tm.o)

.progmemx.data  0x0000000000000341        0xb
 .progmemx.data
                0x0000000000000341        0xb adc.o

.progmemx.data  0x000000000000034c        0xb
 .progmemx.data
                0x000000000000034c        0xb can.o

.progmemx.data.sg_sMOBModuleRequestTime
                0x0000000000000357        0x8
 .progmemx.data.sg_sMOBModuleRequestTime
                0x0000000000000357        0x8 can.o

.progmemx.data.sg_sMOBModuleHardwareDetail
                0x000000000000035f        0x8
 .progmemx.data.sg_sMOBModuleHardwareDetail
                0x000000000000035f        0x8 can.o

.progmemx.data.sg_sMOBModuleCellDetail
                0x0000000000000367        0x8
 .progmemx.data.sg_sMOBModuleCellDetail
                0x0000000000000367        0x8 can.o

.progmemx.data.sg_sMOBModuleCellCommStat2
                0x000000000000036f        0x8
 .progmemx.data.sg_sMOBModuleCellCommStat2
                0x000000000000036f        0x8 can.o

.progmemx.data.sg_sMOBModuleCellCommStat1
                0x0000000000000377        0x8
 .progmemx.data.sg_sMOBModuleCellCommStat1
                0x0000000000000377        0x8 can.o

.progmemx.data.sg_sMOBModuleStatus3
                0x000000000000037f        0x8
 .progmemx.data.sg_sMOBModuleStatus3
                0x000000000000037f        0x8 can.o

.progmemx.data.sg_sMOBModuleStatus2
                0x0000000000000387        0x8
 .progmemx.data.sg_sMOBModuleStatus2
                0x0000000000000387        0x8 can.o

.progmemx.data.sg_sMOBModuleStatus1
                0x000000000000038f        0x8
 .progmemx.data.sg_sMOBModuleStatus1
                0x000000000000038f        0x8 can.o

.progmemx.data.sg_sMOBModuleAnnouncement
                0x0000000000000397        0x8
 .progmemx.data.sg_sMOBModuleAnnouncement
                0x0000000000000397        0x8 can.o

.progmemx.data.sg_sMOBGenericReceive
                0x000000000000039f        0x8
 .progmemx.data.sg_sMOBGenericReceive
                0x000000000000039f        0x8 can.o

.progmemx.data.sg_sMOBDisabled
                0x00000000000003a7        0x8
 .progmemx.data.sg_sMOBDisabled
                0x00000000000003a7        0x8 can.o

.progmemx.data  0x00000000000003af        0x4
 .progmemx.data
                0x00000000000003af        0x4 c:/program files/microchip/xc8/v2.36/avr/bin/../lib/gcc/avr/5.4.0/../../../../avr/lib/avr5/memx-const\libc.a(gmtime_r.o)

.progmemx.data  0x00000000000003b3        0x4
 .progmemx.data
                0x00000000000003b3        0x4 c:/program files/microchip/xc8/v2.36/avr/bin/../lib/gcc/avr/5.4.0/../../../../avr/lib/avr5/memx-const\libc.a(mktime.o)

.text.__secs_to_tm
                0x00000000000003b8      0x458
 .text.__secs_to_tm
                0x00000000000003b8      0x458 c:/program files/microchip/xc8/v2.36/avr/bin/../lib/gcc/avr/5.4.0/../../../../avr/lib/avr5/memx-const\libc.a(__secs_to_tm.o)
                0x00000000000003b8                __secs_to_tm

.text.ControllerStatusMessagesSend
                0x0000000000000810      0x422
 .text.ControllerStatusMessagesSend
                0x0000000000000810      0x422 main.o

.text.main      0x0000000000000c32      0x2d8
 .text.main     0x0000000000000c32      0x2d8 main.o
                0x0000000000000c32                main

.text.CellStringProcess
                0x0000000000000f0a      0x29c
 .text.CellStringProcess
                0x0000000000000f0a      0x29c main.o

.text.CANReceiveCallback
                0x00000000000011a6      0x298
 .text.CANReceiveCallback
                0x00000000000011a6      0x298 main.o
                0x00000000000011a6                CANReceiveCallback

.text.__year_to_secs
                0x000000000000143e      0x256
 .text.__year_to_secs
                0x000000000000143e      0x256 c:/program files/microchip/xc8/v2.36/avr/bin/../lib/gcc/avr/5.4.0/../../../../avr/lib/avr5/memx-const\libc.a(__year_to_secs.o)
                0x000000000000143e                __year_to_secs

.text.RTCInit   0x0000000000001694      0x222
 .text.RTCInit  0x0000000000001694      0x222 rtc_mcp7940n.o
                0x0000000000001694                RTCInit

.text.ModuleControllerStateHandle
                0x00000000000018b6      0x21e
 .text.ModuleControllerStateHandle
                0x00000000000018b6      0x21e main.o

.text.CANMOBSet
                0x0000000000001ad4      0x212
 .text.CANMOBSet
                0x0000000000001ad4      0x212 can.o

.text.__tm_to_secs
                0x0000000000001ce6      0x1be
 .text.__tm_to_secs
                0x0000000000001ce6      0x1be c:/program files/microchip/xc8/v2.36/avr/bin/../lib/gcc/avr/5.4.0/../../../../avr/lib/avr5/memx-const\libc.a(__tm_to_secs.o)
                0x0000000000001ce6                __tm_to_secs

.text.CANSendMessageInternal
                0x0000000000001ea4      0x180
 .text.CANSendMessageInternal
                0x0000000000001ea4      0x180 can.o

.text.CANMOBInterrupt
                0x0000000000002024      0x166
 .text.CANMOBInterrupt
                0x0000000000002024      0x166 can.o
                0x0000000000002024                CANMOBInterrupt

.text.SDInit    0x000000000000218a      0x166
 .text.SDInit   0x000000000000218a      0x166 SD.o
                0x000000000000218a                SDInit

.text.__vector_18
                0x00000000000022f0      0x13e
 .text.__vector_18
                0x00000000000022f0      0x13e can.o
                0x00000000000022f0                __vector_18

.text.ADCInit   0x000000000000242e      0x13c
 .text.ADCInit  0x000000000000242e      0x13c adc.o
                0x000000000000242e                ADCInit

.text.__vector_15
                0x000000000000256a      0x134
 .text.__vector_15
                0x000000000000256a      0x134 vUART.o
                0x000000000000256a                __vector_15

.text.CANCheckHealth
                0x000000000000269e      0x130
 .text.CANCheckHealth
                0x000000000000269e      0x130 can.o
                0x000000000000269e                CANCheckHealth

.text.ModuleCurrentConvertReadings
                0x00000000000027ce      0x104
 .text.ModuleCurrentConvertReadings
                0x00000000000027ce      0x104 main.o

.text.RTCWriteHW
                0x00000000000028d2       0xfe
 .text.RTCWriteHW
                0x00000000000028d2       0xfe rtc_mcp7940n.o

.text.STORE_WriteFrame
                0x00000000000029d0       0xf8
 .text.STORE_WriteFrame
                0x00000000000029d0       0xf8 STORE.o
                0x00000000000029d0                STORE_WriteFrame

.text.__vector_16
                0x0000000000002ac8       0xf4
 .text.__vector_16
                0x0000000000002ac8       0xf4 vUART.o
                0x0000000000002ac8                __vector_16

.text.RTCReadHW
                0x0000000000002bbc       0xe2
 .text.RTCReadHW
                0x0000000000002bbc       0xe2 rtc_mcp7940n.o

.text.SDWrite   0x0000000000002c9e       0xdc
 .text.SDWrite  0x0000000000002c9e       0xdc SD.o
                0x0000000000002c9e                SDWrite

.text.updateSessionMap
                0x0000000000002d7a       0xdc
 .text.updateSessionMap
                0x0000000000002d7a       0xdc STORE.o

.text.SDRead    0x0000000000002e56       0xd8
 .text.SDRead   0x0000000000002e56       0xd8 SD.o
                0x0000000000002e56                SDRead

.text.FrameInit
                0x0000000000002f2e       0xcc
 .text.FrameInit
                0x0000000000002f2e       0xcc main.o
                0x0000000000002f2e                FrameInit

.text.SPISetBaudRate
                0x0000000000002ffa       0xca
 .text.SPISetBaudRate
                0x0000000000002ffa       0xca SPI.o
                0x0000000000002ffa                SPISetBaudRate

.text.RTCSetTime
                0x00000000000030c4       0xc6
 .text.RTCSetTime
                0x00000000000030c4       0xc6 rtc_mcp7940n.o
                0x00000000000030c4                RTCSetTime

.text.CellCountExpectedSet
                0x000000000000318a       0xc4
 .text.CellCountExpectedSet
                0x000000000000318a       0xc4 main.o

.text.SDTransmitDataBlock
                0x000000000000324e       0xc2
 .text.SDTransmitDataBlock
                0x000000000000324e       0xc2 SD.o

.text.__vector_27
                0x0000000000003310       0xbc
 .text.__vector_27
                0x0000000000003310       0xbc adc.o
                0x0000000000003310                __vector_27

.text.__vector_12
                0x00000000000033cc       0xba
 .text.__vector_12
                0x00000000000033cc       0xba main.o
                0x00000000000033cc                __vector_12

.text.CANCheckTxStatus
                0x0000000000003486       0xac
 .text.CANCheckTxStatus
                0x0000000000003486       0xac can.o
                0x0000000000003486                CANCheckTxStatus

.text.SDCommand
                0x0000000000003532       0xaa
 .text.SDCommand
                0x0000000000003532       0xaa SD.o

.text.libgcc.div
                0x00000000000035dc       0xa2
 .text.libgcc.div
                0x00000000000035dc       0xa2 c:/program files/microchip/xc8/v2.36/avr/bin/../lib/gcc/avr/5.4.0/avr5/memx-const\libgcc.a(_udivmod64.o)
                0x00000000000035dc                __udivmod64

.text.libgcc.mul
                0x000000000000367e       0xa0
 .text.libgcc.mul
                0x000000000000367e       0xa0 c:/program files/microchip/xc8/v2.36/avr/bin/../lib/gcc/avr/5.4.0/avr5/memx-const\libgcc.a(_muldi3.o)
                0x000000000000367e                __muldi3

.text.CANInit   0x000000000000371e       0x9c
 .text.CANInit  0x000000000000371e       0x9c can.o
                0x000000000000371e                CANInit

.text.CurrentThresholdsGet
                0x00000000000037ba       0x94
 .text.CurrentThresholdsGet
                0x00000000000037ba       0x94 main.o

.text.__vector_23
                0x000000000000384e       0x8a
 .text.__vector_23
                0x000000000000384e       0x8a main.o
                0x000000000000384e                __vector_23

.text.SDReceiveDataBlock
                0x00000000000038d8       0x8a
 .text.SDReceiveDataBlock
                0x00000000000038d8       0x8a SD.o

.text.CellStringPowerStateMachine
                0x0000000000003962       0x88
 .text.CellStringPowerStateMachine
                0x0000000000003962       0x88 main.o

.text.__vector_10
                0x00000000000039ea       0x86
 .text.__vector_10
                0x00000000000039ea       0x86 rtc_mcp7940n.o
                0x00000000000039ea                __vector_10

.text.mktime    0x0000000000003a70       0x86
 .text.mktime   0x0000000000003a70       0x86 c:/program files/microchip/xc8/v2.36/avr/bin/../lib/gcc/avr/5.4.0/../../../../avr/lib/avr5/memx-const\libc.a(mktime.o)
                0x0000000000003a70                mktime

.text.STORE_Init
                0x0000000000003af6       0x82
 .text.STORE_Init
                0x0000000000003af6       0x82 STORE.o
                0x0000000000003af6                STORE_Init

.text.ModuleControllerGetUniqueID
                0x0000000000003b78       0x7e
 .text.ModuleControllerGetUniqueID
                0x0000000000003b78       0x7e main.o
                0x0000000000003b78                ModuleControllerGetUniqueID

.text.RTCReadRegisters
                0x0000000000003bf6       0x7e
 .text.RTCReadRegisters
                0x0000000000003bf6       0x7e rtc_mcp7940n.o
                0x0000000000003bf6                RTCReadRegisters

.text.HWToStructTM
                0x0000000000003c74       0x7c
 .text.HWToStructTM
                0x0000000000003c74       0x7c rtc_mcp7940n.o

.text.SDReadCSD
                0x0000000000003cf0       0x7c
 .text.SDReadCSD
                0x0000000000003cf0       0x7c SD.o

.text.I2CRxByte
                0x0000000000003d6c       0x7a
 .text.I2CRxByte
                0x0000000000003d6c       0x7a I2c.o
                0x0000000000003d6c                I2CRxByte

.text.vUARTRXData
                0x0000000000003de6       0x78
 .text.vUARTRXData
                0x0000000000003de6       0x78 main.o
                0x0000000000003de6                vUARTRXData

.text.__gmtime_r
                0x0000000000003e5e       0x6c
 .text.__gmtime_r
                0x0000000000003e5e       0x6c c:/program files/microchip/xc8/v2.36/avr/bin/../lib/gcc/avr/5.4.0/../../../../avr/lib/avr5/memx-const\libc.a(gmtime_r.o)
                0x0000000000003e5e                __gmtime_r
                0x0000000000003e5e                gmtime_r

.text.I2CTxByte
                0x0000000000003eca       0x6a
 .text.I2CTxByte
                0x0000000000003eca       0x6a I2c.o
                0x0000000000003eca                I2CTxByte

.text.RTCWriteRegisters
                0x0000000000003f34       0x6a
 .text.RTCWriteRegisters
                0x0000000000003f34       0x6a rtc_mcp7940n.o
                0x0000000000003f34                RTCWriteRegisters

.text.CellDataConvertTemperature
                0x0000000000003f9e       0x64
 .text.CellDataConvertTemperature
                0x0000000000003f9e       0x64 main.o

.text.CANLookupCommand
                0x0000000000004002       0x62
 .text.CANLookupCommand
                0x0000000000004002       0x62 can.o

.text.libgcc.div
                0x0000000000004064       0x62
 .text.libgcc.div
                0x0000000000004064       0x62 c:/program files/microchip/xc8/v2.36/avr/bin/../lib/gcc/avr/5.4.0/avr5/memx-const\libgcc.a(_divdi3.o)
                0x0000000000004064                __moddi3
                0x0000000000004068                __divdi3
                0x000000000000406a                __divdi3_moddi3

.text.CellDataConvertVoltage
                0x00000000000040c6       0x5e
 .text.CellDataConvertVoltage
                0x00000000000040c6       0x5e main.o

.text.__vector_8
                0x0000000000004124       0x5c
 .text.__vector_8
                0x0000000000004124       0x5c vUART.o
                0x0000000000004124                __vector_8

.text.SPITransaction
                0x0000000000004180       0x58
 .text.SPITransaction
                0x0000000000004180       0x58 SPI.o
                0x0000000000004180                SPITransaction

.text.STORE_EndSession
                0x00000000000041d8       0x58
 .text.STORE_EndSession
                0x00000000000041d8       0x58 STORE.o
                0x00000000000041d8                STORE_EndSession

.text.SDSendOpConditionArg
                0x0000000000004230       0x56
 .text.SDSendOpConditionArg
                0x0000000000004230       0x56 SD.o

.text.vUARTStarttx
                0x0000000000004286       0x56
 .text.vUARTStarttx
                0x0000000000004286       0x56 vUART.o
                0x0000000000004286                vUARTStarttx

.text.libgcc.mul
                0x00000000000042dc       0x56
 .text.libgcc.mul
                0x00000000000042dc       0x56 c:/program files/microchip/xc8/v2.36/avr/bin/../lib/gcc/avr/5.4.0/avr5/memx-const\libgcc.a(_umulsidi3.o)
                0x00000000000042dc                __umulsidi3
                0x00000000000042de                __umulsidi3_helper

.text.StructTMToHW
                0x0000000000004332       0x54
 .text.StructTMToHW
                0x0000000000004332       0x54 rtc_mcp7940n.o

.text.STORE_StartNewSession
                0x0000000000004386       0x54
 .text.STORE_StartNewSession
                0x0000000000004386       0x54 STORE.o
                0x0000000000004386                STORE_StartNewSession

.text.Delay     0x00000000000043da       0x52
 .text.Delay    0x00000000000043da       0x52 main.o
                0x00000000000043da                Delay

.text.TimerInit
                0x000000000000442c       0x52
 .text.TimerInit
                0x000000000000442c       0x52 main.o
                0x000000000000442c                TimerInit

.text.__vector_28
                0x000000000000447e       0x52
 .text.__vector_28
                0x000000000000447e       0x52 main.o
                0x000000000000447e                __vector_28

.text.__vector_24
                0x00000000000044d0       0x4c
 .text.__vector_24
                0x00000000000044d0       0x4c main.o
                0x00000000000044d0                __vector_24

.text.vUARTtxDataGet
                0x000000000000451c       0x4c
 .text.vUARTtxDataGet
                0x000000000000451c       0x4c vUART.o

.text.RTCStartTransaction
                0x0000000000004568       0x44
 .text.RTCStartTransaction
                0x0000000000004568       0x44 rtc_mcp7940n.o

.text.libgcc.div
                0x00000000000045ac       0x44
 .text.libgcc.div
                0x00000000000045ac       0x44 c:/program files/microchip/xc8/v2.36/avr/bin/../lib/gcc/avr/5.4.0/avr5/memx-const\libgcc.a(_udivmodsi4.o)
                0x00000000000045ac                __udivmodsi4

.text.readGlobalState
                0x00000000000045f0       0x3e
 .text.readGlobalState
                0x00000000000045f0       0x3e STORE.o

.text.I2CUnstick
                0x000000000000462e       0x3c
 .text.I2CUnstick
                0x000000000000462e       0x3c I2c.o
                0x000000000000462e                I2CUnstick

.text.__month_to_secs
                0x000000000000466a       0x3c
 .text.__month_to_secs
                0x000000000000466a       0x3c c:/program files/microchip/xc8/v2.36/avr/bin/../lib/gcc/avr/5.4.0/../../../../avr/lib/avr5/memx-const\libc.a(__month_to_secs.o)
                0x000000000000466a                __month_to_secs

.text.SDPowerup
                0x00000000000046a6       0x3a
 .text.SDPowerup
                0x00000000000046a6       0x3a SD.o

.text.libgcc.prologue
                0x00000000000046e0       0x38
 .text.libgcc.prologue
                0x00000000000046e0       0x38 c:/program files/microchip/xc8/v2.36/avr/bin/../lib/gcc/avr/5.4.0/avr5/memx-const\libgcc.a(_prologue.o)
                0x00000000000046e0                __prologue_saves__

.text.vUARTInit
                0x0000000000004718       0x36
 .text.vUARTInit
                0x0000000000004718       0x36 vUART.o
                0x0000000000004718                vUARTInit

.text.libgcc.prologue
                0x000000000000474e       0x36
 .text.libgcc.prologue
                0x000000000000474e       0x36 c:/program files/microchip/xc8/v2.36/avr/bin/../lib/gcc/avr/5.4.0/avr5/memx-const\libgcc.a(_epilogue.o)
                0x000000000000474e                __epilogue_restores__

.text.IsLeapYear
                0x0000000000004784       0x34
 .text.IsLeapYear
                0x0000000000004784       0x34 rtc_mcp7940n.o

.text.SDSendOpCondition
                0x00000000000047b8       0x34
 .text.SDSendOpCondition
                0x00000000000047b8       0x34 SD.o

.text.SDSendInterfaceCondition
                0x00000000000047ec       0x34
 .text.SDSendInterfaceCondition
                0x00000000000047ec       0x34 SD.o

.text.SDReadOCR
                0x0000000000004820       0x32
 .text.SDReadOCR
                0x0000000000004820       0x32 SD.o

.text.writeGlobalState
                0x0000000000004852       0x32
 .text.writeGlobalState
                0x0000000000004852       0x32 STORE.o

.text.memcpy    0x0000000000004884       0x32
 .text.memcpy   0x0000000000004884       0x32 c:/program files/microchip/xc8/v2.36/avr/bin/../lib/gcc/avr/5.4.0/../../../../avr/lib/avr5/memx-const\libc.a(memcpy.o)
                0x0000000000004884                memcpy

.text.CANSendMessage
                0x00000000000048b6       0x2e
 .text.CANSendMessage
                0x00000000000048b6       0x2e can.o
                0x00000000000048b6                CANSendMessage

.text.libgcc.div
                0x00000000000048e4       0x2e
 .text.libgcc.div
                0x00000000000048e4       0x2e c:/program files/microchip/xc8/v2.36/avr/bin/../lib/gcc/avr/5.4.0/avr5/memx-const\libgcc.a(_divmodsi4.o)
                0x00000000000048e4                __divmodsi4

.text.I2CStart  0x0000000000004912       0x2c
 .text.I2CStart
                0x0000000000004912       0x2c I2c.o
                0x0000000000004912                I2CStart

.text.I2CSetup  0x000000000000493e       0x2c
 .text.I2CSetup
                0x000000000000493e       0x2c I2c.o
                0x000000000000493e                I2CSetup

.text.PlatformAssert
                0x000000000000496a       0x2c
 .text.PlatformAssert
                0x000000000000496a       0x2c main.o
                0x000000000000496a                PlatformAssert

.text.ADCCallback
                0x0000000000004996       0x2c
 .text.ADCCallback
                0x0000000000004996       0x2c main.o
                0x0000000000004996                ADCCallback

.text.SPIInit   0x00000000000049c2       0x2c
 .text.SPIInit  0x00000000000049c2       0x2c SPI.o
                0x00000000000049c2                SPIInit

.text.ADCStartConversion
                0x00000000000049ee       0x2a
 .text.ADCStartConversion
                0x00000000000049ee       0x2a adc.o
                0x00000000000049ee                ADCStartConversion

.text.I2CStartTransaction
                0x0000000000004a18       0x28
 .text.I2CStartTransaction
                0x0000000000004a18       0x28 I2c.o
                0x0000000000004a18                I2CStartTransaction

.text.PlatformGetSendData
                0x0000000000004a40       0x28
 .text.PlatformGetSendData
                0x0000000000004a40       0x28 main.o
                0x0000000000004a40                PlatformGetSendData

.text.libgcc.div
                0x0000000000004a68       0x28
 .text.libgcc.div
                0x0000000000004a68       0x28 c:/program files/microchip/xc8/v2.36/avr/bin/../lib/gcc/avr/5.4.0/avr5/memx-const\libgcc.a(_udivmodhi4.o)
                0x0000000000004a68                __udivmodhi4

.text.libgcc.div
                0x0000000000004a90       0x28
 .text.libgcc.div
                0x0000000000004a90       0x28 c:/program files/microchip/xc8/v2.36/avr/bin/../lib/gcc/avr/5.4.0/avr5/memx-const\libgcc.a(_divmodhi4.o)
                0x0000000000004a90                _div
                0x0000000000004a90                __divmodhi4

.text.I2CStop   0x0000000000004ab8       0x26
 .text.I2CStop  0x0000000000004ab8       0x26 I2c.o
                0x0000000000004ab8                I2CStop

.text.__vector_1
                0x0000000000004ade       0x24
 .text.__vector_1
                0x0000000000004ade       0x24 main.o
                0x0000000000004ade                __vector_1

.text.__vector_2
                0x0000000000004b02       0x24
 .text.__vector_2
                0x0000000000004b02       0x24 main.o
                0x0000000000004b02                __vector_2

.text.__vector_3
                0x0000000000004b26       0x24
 .text.__vector_3
                0x0000000000004b26       0x24 main.o
                0x0000000000004b26                __vector_3

.text.__vector_4
                0x0000000000004b4a       0x24
 .text.__vector_4
                0x0000000000004b4a       0x24 main.o
                0x0000000000004b4a                __vector_4

.text.__vector_5
                0x0000000000004b6e       0x24
 .text.__vector_5
                0x0000000000004b6e       0x24 main.o
                0x0000000000004b6e                __vector_5

.text.__vector_6
                0x0000000000004b92       0x24
 .text.__vector_6
                0x0000000000004b92       0x24 main.o
                0x0000000000004b92                __vector_6

.text.__vector_22
                0x0000000000004bb6       0x24
 .text.__vector_22
                0x0000000000004bb6       0x24 main.o
                0x0000000000004bb6                __vector_22

.text.__vector_9
                0x0000000000004bda       0x24
 .text.__vector_9
                0x0000000000004bda       0x24 main.o
                0x0000000000004bda                __vector_9

.text.__vector_11
                0x0000000000004bfe       0x24
 .text.__vector_11
                0x0000000000004bfe       0x24 main.o
                0x0000000000004bfe                __vector_11

.text.__vector_13
                0x0000000000004c22       0x24
 .text.__vector_13
                0x0000000000004c22       0x24 main.o
                0x0000000000004c22                __vector_13

.text.__vector_14
                0x0000000000004c46       0x24
 .text.__vector_14
                0x0000000000004c46       0x24 main.o
                0x0000000000004c46                __vector_14

.text.__vector_17
                0x0000000000004c6a       0x24
 .text.__vector_17
                0x0000000000004c6a       0x24 main.o
                0x0000000000004c6a                __vector_17

.text.__vector_19
                0x0000000000004c8e       0x24
 .text.__vector_19
                0x0000000000004c8e       0x24 main.o
                0x0000000000004c8e                __vector_19

.text.__vector_21
                0x0000000000004cb2       0x24
 .text.__vector_21
                0x0000000000004cb2       0x24 main.o
                0x0000000000004cb2                __vector_21

.text.__vector_25
                0x0000000000004cd6       0x24
 .text.__vector_25
                0x0000000000004cd6       0x24 main.o
                0x0000000000004cd6                __vector_25

.text.__vector_26
                0x0000000000004cfa       0x24
 .text.__vector_26
                0x0000000000004cfa       0x24 main.o
                0x0000000000004cfa                __vector_26

.text.__vector_29
                0x0000000000004d1e       0x24
 .text.__vector_29
                0x0000000000004d1e       0x24 main.o
                0x0000000000004d1e                __vector_29

.text.__vector_30
                0x0000000000004d42       0x24
 .text.__vector_30
                0x0000000000004d42       0x24 main.o
                0x0000000000004d42                __vector_30

.text.vUARTRXEnd
                0x0000000000004d66       0x24
 .text.vUARTRXEnd
                0x0000000000004d66       0x24 main.o
                0x0000000000004d66                vUARTRXEnd

.text.vUARTtxDataAvailable
                0x0000000000004d8a       0x24
 .text.vUARTtxDataAvailable
                0x0000000000004d8a       0x24 vUART.o

.text.SDGoIdle  0x0000000000004dae       0x22
 .text.SDGoIdle
                0x0000000000004dae       0x22 SD.o

.text.libgcc    0x0000000000004dd0       0x20
 .text.libgcc   0x0000000000004dd0       0x20 c:/program files/microchip/xc8/v2.36/avr/bin/../lib/gcc/avr/5.4.0/avr5/memx-const\libgcc.a(_negdi2.o)
                0x0000000000004dd0                __negdi2

.text.libgcc.mul
                0x0000000000004df0       0x1e
 .text.libgcc.mul
                0x0000000000004df0       0x1e c:/program files/microchip/xc8/v2.36/avr/bin/../lib/gcc/avr/5.4.0/avr5/memx-const\libgcc.a(_umulhisi3.o)
                0x0000000000004df0                __umulhisi3

.text.libgcc.mul
                0x0000000000004e0e       0x1e
 .text.libgcc.mul
                0x0000000000004e0e       0x1e c:/program files/microchip/xc8/v2.36/avr/bin/../lib/gcc/avr/5.4.0/avr5/memx-const\libgcc.a(_mulsidi3.o)
                0x0000000000004e0e                __mulsidi3

.text.libgcc.div
                0x0000000000004e2c       0x1c
 .text.libgcc.div
                0x0000000000004e2c       0x1c c:/program files/microchip/xc8/v2.36/avr/bin/../lib/gcc/avr/5.4.0/avr5/memx-const\libgcc.a(_udivdi3.o)
                0x0000000000004e2c                __umoddi3
                0x0000000000004e30                __udivdi3
                0x0000000000004e32                __udivdi3_umoddi3

.text.WatchdogOff
                0x0000000000004e48       0x1a
 .text.WatchdogOff
                0x0000000000004e48       0x1a main.o
                0x0000000000004e48                WatchdogOff

.text.Check5VLoss
                0x0000000000004e62       0x18
 .text.Check5VLoss
                0x0000000000004e62       0x18 main.o

.text.libgcc    0x0000000000004e7a       0x18
 .text.libgcc   0x0000000000004e7a       0x18 c:/program files/microchip/xc8/v2.36/avr/bin/../lib/gcc/avr/5.4.0/avr5/memx-const\libgcc.a(_xload_4.o)
                0x0000000000004e7a                __xload_4

.text.libgcc    0x0000000000004e92       0x18
 .text.libgcc   0x0000000000004e92       0x18 c:/program files/microchip/xc8/v2.36/avr/bin/../lib/gcc/avr/5.4.0/avr5/memx-const\libgcc.a(_adddi3_s8.o)
                0x0000000000004e92                __adddi3_s8

.text.ModuleControllerStateSetMax
                0x0000000000004eaa       0x16
 .text.ModuleControllerStateSetMax
                0x0000000000004eaa       0x16 main.o

.text.vUARTRXStart
                0x0000000000004ec0       0x16
 .text.vUARTRXStart
                0x0000000000004ec0       0x16 main.o
                0x0000000000004ec0                vUARTRXStart

.text.libgcc.mul
                0x0000000000004ed6       0x16
 .text.libgcc.mul
                0x0000000000004ed6       0x16 c:/program files/microchip/xc8/v2.36/avr/bin/../lib/gcc/avr/5.4.0/avr5/memx-const\libgcc.a(_muluhisi3.o)
                0x0000000000004ed6                __muluhisi3

.text.exit      0x0000000000004eec       0x16
 .text.exit     0x0000000000004eec       0x16 c:/program files/microchip/xc8/v2.36/avr/bin/../lib/gcc/avr/5.4.0/../../../../avr/lib/avr5/memx-const\libc.a(exit.o)
                0x0000000000004eec                exit

.text.SDSetCS   0x0000000000004f02       0x14
 .text.SDSetCS  0x0000000000004f02       0x14 SD.o

.text.vUARTInitReceive
                0x0000000000004f16       0x14
 .text.vUARTInitReceive
                0x0000000000004f16       0x14 vUART.o
                0x0000000000004f16                vUARTInitReceive

.text.EEPROMRead
                0x0000000000004f2a       0x12
 .text.EEPROMRead
                0x0000000000004f2a       0x12 EEPROM.o
                0x0000000000004f2a                EEPROMRead

.text.memset    0x0000000000004f3c       0x12
 .text.memset   0x0000000000004f3c       0x12 c:/program files/microchip/xc8/v2.36/avr/bin/../lib/gcc/avr/5.4.0/../../../../avr/lib/avr5/memx-const\libc.a(memset.o)
                0x0000000000004f3c                memset

.text.libgcc.mul
                0x0000000000004f4e       0x12
 .text.libgcc.mul
                0x0000000000004f4e       0x12 c:/program files/microchip/xc8/v2.36/avr/bin/../lib/gcc/avr/5.4.0/avr5/memx-const\libgcc.a(_muldi3_6.o)
                0x0000000000004f4e                __muldi3_6

.text.libgcc    0x0000000000004f60       0x12
 .text.libgcc   0x0000000000004f60       0x12 c:/program files/microchip/xc8/v2.36/avr/bin/../lib/gcc/avr/5.4.0/avr5/memx-const\libgcc.a(_adddi3.o)
                0x0000000000004f60                __adddi3

.text.libgcc    0x0000000000004f72       0x12
 .text.libgcc   0x0000000000004f72       0x12 c:/program files/microchip/xc8/v2.36/avr/bin/../lib/gcc/avr/5.4.0/avr5/memx-const\libgcc.a(_cmpdi2.o)
                0x0000000000004f72                __cmpdi2

.text.SendModuleControllerStatus
                0x0000000000004f84       0x10
 .text.SendModuleControllerStatus
                0x0000000000004f84       0x10 main.o

.text.libgcc.div
                0x0000000000004f94       0x10
 .text.libgcc.div
                0x0000000000004f94       0x10 c:/program files/microchip/xc8/v2.36/avr/bin/../lib/gcc/avr/5.4.0/avr5/memx-const\libgcc.a(_negsi2.o)
                0x0000000000004f94                __negsi2

.text.libgcc.mul
                0x0000000000004fa4       0x10
 .text.libgcc.mul
                0x0000000000004fa4       0x10 c:/program files/microchip/xc8/v2.36/avr/bin/../lib/gcc/avr/5.4.0/avr5/memx-const\libgcc.a(_mulshisi3.o)
                0x0000000000004fa4                __mulshisi3
                0x0000000000004faa                __mulohisi3

.text.libgcc    0x0000000000004fb4       0x10
 .text.libgcc   0x0000000000004fb4       0x10 c:/program files/microchip/xc8/v2.36/avr/bin/../lib/gcc/avr/5.4.0/avr5/memx-const\libgcc.a(_xload_2.o)
                0x0000000000004fb4                __xload_2

.text.DebugOut  0x0000000000004fc4        0xe
 .text.DebugOut
                0x0000000000004fc4        0xe debugSerial.o
                0x0000000000004fc4                DebugOut

.text.I2CBitDelay
                0x0000000000004fd2        0xe
 .text.I2CBitDelay
                0x0000000000004fd2        0xe I2c.o

.text.SDWaitResponse7
                0x0000000000004fe0        0xe
 .text.SDWaitResponse7
                0x0000000000004fe0        0xe SD.o

.text.libgcc.mul
                0x0000000000004fee        0xe
 .text.libgcc.mul
                0x0000000000004fee        0xe c:/program files/microchip/xc8/v2.36/avr/bin/../lib/gcc/avr/5.4.0/avr5/memx-const\libgcc.a(_usmulhisi3.o)
                0x0000000000004fee                __usmulhisi3
                0x0000000000004ff2                __usmulhisi3_tail

.text.ADCSetPowerOn
                0x0000000000004ffc        0xc
 .text.ADCSetPowerOn
                0x0000000000004ffc        0xc adc.o
                0x0000000000004ffc                ADCSetPowerOn

.text.SetSysclock
                0x0000000000005008        0xc
 .text.SetSysclock
                0x0000000000005008        0xc main.o
                0x0000000000005008                SetSysclock

.text.CANSetRXCallback
                0x0000000000005014        0xa
 .text.CANSetRXCallback
                0x0000000000005014        0xa can.o
                0x0000000000005014                CANSetRXCallback

.text.ModuleControllerStateSet
                0x000000000000501e        0xa
 .text.ModuleControllerStateSet
                0x000000000000501e        0xa main.o

.text.vUARTRXReset
                0x0000000000005028        0xa
 .text.vUARTRXReset
                0x0000000000005028        0xa vUART.o
                0x0000000000005028                vUARTRXReset

.text.gmtime    0x0000000000005032        0xa
 .text.gmtime   0x0000000000005032        0xa c:/program files/microchip/xc8/v2.36/avr/bin/../lib/gcc/avr/5.4.0/../../../../avr/lib/avr5/memx-const\libc.a(gmtime.o)
                0x0000000000005032                gmtime

.text.PlatformGetRegistrationID
                0x000000000000503c        0x6
 .text.PlatformGetRegistrationID
                0x000000000000503c        0x6 main.o
                0x000000000000503c                PlatformGetRegistrationID

.text           0x0000000000005042        0x4
 .text          0x0000000000005042        0x4 C:/Program Files (x86)/Atmel/Studio/7.0/Packs/atmel/ATmega_DFP/1.7.374/xc8/avr/lib/avr5/memx-const/crtatmega64m1.o
                0x0000000000005042                __vector_7
                0x0000000000005042                __vector_20
                0x0000000000005042                __bad_interrupt

.text._Exit     0x0000000000005046        0x4
 .text._Exit    0x0000000000005046        0x4 c:/program files/microchip/xc8/v2.36/avr/bin/../lib/gcc/avr/5.4.0/../../../../avr/lib/avr5/memx-const\libc.a(_Exit.o)
                0x0000000000005046                _Exit

.text.WatchdogReset
                0x000000000000504a        0x2
 .text.WatchdogReset
                0x000000000000504a        0x2 main.o
                0x000000000000504a                WatchdogReset

.text.__dummy_fini
                0x000000000000504c        0x2
 .text.__dummy_fini
                0x000000000000504c        0x2 c:/program files/microchip/xc8/v2.36/avr/bin/../lib/gcc/avr/5.4.0/../../../../avr/lib/avr5/memx-const\libc.a(exit.o)
                0x000000000000504c                _fini

.text.__dummy_funcs_on_exit
                0x000000000000504e        0x2
 .text.__dummy_funcs_on_exit
                0x000000000000504e        0x2 c:/program files/microchip/xc8/v2.36/avr/bin/../lib/gcc/avr/5.4.0/../../../../avr/lib/avr5/memx-const\libc.a(exit.o)
                0x000000000000504e                __funcs_on_exit

.text.__dummy_simulator_exit
                0x0000000000005050        0x2
 .text.__dummy_simulator_exit
                0x0000000000005050        0x2 c:/program files/microchip/xc8/v2.36/avr/bin/../lib/gcc/avr/5.4.0/../../../../avr/lib/avr5/memx-const\libc.a(exit.o)
                0x0000000000005050                __simulator_exit
