Archive member included to satisfy reference by file (symbol)

c:/program files/microchip/xc8/v2.36/avr/bin/../lib/gcc/avr/5.4.0/avr5/memx-const\libgcc.a(_udivmodhi4.o)
                              main.o (__udivmodhi4)
c:/program files/microchip/xc8/v2.36/avr/bin/../lib/gcc/avr/5.4.0/avr5/memx-const\libgcc.a(_udivmodsi4.o)
                              main.o (__udivmodsi4)
c:/program files/microchip/xc8/v2.36/avr/bin/../lib/gcc/avr/5.4.0/avr5/memx-const\libgcc.a(_divmodsi4.o)
                              main.o (__divmodsi4)
c:/program files/microchip/xc8/v2.36/avr/bin/../lib/gcc/avr/5.4.0/avr5/memx-const\libgcc.a(_negsi2.o)
                              c:/program files/microchip/xc8/v2.36/avr/bin/../lib/gcc/avr/5.4.0/avr5/memx-const\libgcc.a(_divmodsi4.o) (__negsi2)
c:/program files/microchip/xc8/v2.36/avr/bin/../lib/gcc/avr/5.4.0/avr5/memx-const\libgcc.a(_copy_data.o)
                              adc.o (__do_clear_bss)
c:/program files/microchip/xc8/v2.36/avr/bin/../lib/gcc/avr/5.4.0/avr5/memx-const\libgcc.a(_umulhisi3.o)
                              main.o (__umulhisi3)
c:/program files/microchip/xc8/v2.36/avr/bin/../lib/gcc/avr/5.4.0/avr5/memx-const\libgcc.a(_usmulhisi3.o)
                              main.o (__usmulhisi3)
c:/program files/microchip/xc8/v2.36/avr/bin/../lib/gcc/avr/5.4.0/avr5/memx-const\libgcc.a(_muluhisi3.o)
                              main.o (__muluhisi3)
c:/program files/microchip/xc8/v2.36/avr/bin/../lib/gcc/avr/5.4.0/avr5/memx-const\libgcc.a(_mulshisi3.o)
                              main.o (__mulshisi3)
c:/program files/microchip/xc8/v2.36/avr/bin/../lib/gcc/avr/5.4.0/avr5/memx-const\libgcc.a(_xload_2.o)
                              can.o (__xload_2)
c:/program files/microchip/xc8/v2.36/avr/bin/../lib/gcc/avr/5.4.0/avr5/memx-const\libgcc.a(_xload_4.o)
                              SPI.o (__xload_4)
c:/program files/microchip/xc8/v2.36/avr/bin/../lib/gcc/avr/5.4.0/avr5/memx-const\libgcc.a(_adddi3_s8.o)
                              rtc_mcp7940n.o (__adddi3_s8)
c:/program files/microchip/xc8/v2.36/avr/bin/../lib/gcc/avr/5.4.0/../../../../avr/lib/avr5/memx-const\libc.a(exit.o)
                              C:/Program Files (x86)/Atmel/Studio/7.0/Packs/atmel/ATmega_DFP/1.7.374/xc8/avr/lib/avr5/memx-const/crtatmega64m1.o (exit)
c:/program files/microchip/xc8/v2.36/avr/bin/../lib/gcc/avr/5.4.0/../../../../avr/lib/avr5/memx-const\libc.a(memcpy.o)
                              can.o (memcpy)
c:/program files/microchip/xc8/v2.36/avr/bin/../lib/gcc/avr/5.4.0/../../../../avr/lib/avr5/memx-const\libc.a(memset.o)
                              STORE.o (memset)
c:/program files/microchip/xc8/v2.36/avr/bin/../lib/gcc/avr/5.4.0/../../../../avr/lib/avr5/memx-const\libc.a(gmtime.o)
                              rtc_mcp7940n.o (gmtime)
c:/program files/microchip/xc8/v2.36/avr/bin/../lib/gcc/avr/5.4.0/../../../../avr/lib/avr5/memx-const\libc.a(gmtime_r.o)
                              c:/program files/microchip/xc8/v2.36/avr/bin/../lib/gcc/avr/5.4.0/../../../../avr/lib/avr5/memx-const\libc.a(gmtime.o) (__gmtime_r)
c:/program files/microchip/xc8/v2.36/avr/bin/../lib/gcc/avr/5.4.0/../../../../avr/lib/avr5/memx-const\libc.a(mktime.o)
                              rtc_mcp7940n.o (mktime)
c:/program files/microchip/xc8/v2.36/avr/bin/../lib/gcc/avr/5.4.0/../../../../avr/lib/avr5/memx-const\libc.a(errno.o)
                              c:/program files/microchip/xc8/v2.36/avr/bin/../lib/gcc/avr/5.4.0/../../../../avr/lib/avr5/memx-const\libc.a(gmtime_r.o) (__errno_val)
c:/program files/microchip/xc8/v2.36/avr/bin/../lib/gcc/avr/5.4.0/../../../../avr/lib/avr5/memx-const\libc.a(_Exit.o)
                              c:/program files/microchip/xc8/v2.36/avr/bin/../lib/gcc/avr/5.4.0/../../../../avr/lib/avr5/memx-const\libc.a(exit.o) (_Exit)
c:/program files/microchip/xc8/v2.36/avr/bin/../lib/gcc/avr/5.4.0/../../../../avr/lib/avr5/memx-const\libc.a(__tm_to_secs.o)
                              c:/program files/microchip/xc8/v2.36/avr/bin/../lib/gcc/avr/5.4.0/../../../../avr/lib/avr5/memx-const\libc.a(mktime.o) (__tm_to_secs)
c:/program files/microchip/xc8/v2.36/avr/bin/../lib/gcc/avr/5.4.0/../../../../avr/lib/avr5/memx-const\libc.a(__year_to_secs.o)
                              c:/program files/microchip/xc8/v2.36/avr/bin/../lib/gcc/avr/5.4.0/../../../../avr/lib/avr5/memx-const\libc.a(__tm_to_secs.o) (__year_to_secs)
c:/program files/microchip/xc8/v2.36/avr/bin/../lib/gcc/avr/5.4.0/../../../../avr/lib/avr5/memx-const\libc.a(__month_to_secs.o)
                              c:/program files/microchip/xc8/v2.36/avr/bin/../lib/gcc/avr/5.4.0/../../../../avr/lib/avr5/memx-const\libc.a(__tm_to_secs.o) (__month_to_secs)
c:/program files/microchip/xc8/v2.36/avr/bin/../lib/gcc/avr/5.4.0/../../../../avr/lib/avr5/memx-const\libc.a(__secs_to_tm.o)
                              c:/program files/microchip/xc8/v2.36/avr/bin/../lib/gcc/avr/5.4.0/../../../../avr/lib/avr5/memx-const\libc.a(gmtime_r.o) (__secs_to_tm)
[...]
Memory Configuration

Name             Origin             Length             Attributes
text             0x0000000000000000 0x0000000000010000 xr
data             0x0000000000800100 0x0000000000001000 rw !x
eeprom           0x0000000000810000 0x0000000000000800 rw !x
fuse             0x0000000000820000 0x0000000000000003 rw !x
lock             0x0000000000830000 0x0000000000000400 rw !x
signature        0x0000000000840000 0x0000000000000400 rw !x
user_signatures  0x0000000000850000 0x0000000000000400 rw !x
*default*        0x0000000000000000 0xffffffffffffffff

Linker script and memory map

Address of section .data set to 0x800100
LOAD C:/Program Files (x86)/Atmel/Studio/7.0/Packs/atmel/ATmega_DFP/1.7.374/xc8/avr/lib/avr5/memx-const/crtatmega64m1.o
LOAD adc.o
LOAD can.o
LOAD debugSerial.o
LOAD EEPROM.o
LOAD I2c.o
LOAD main.o
LOAD rtc_mcp7940n.o
LOAD SD.o
LOAD SPI.o
LOAD STORE.o
LOAD vUART.o
START GROUP
LOAD c:/program files/microchip/xc8/v2.36/avr/bin/../lib/gcc/avr/5.4.0/../../../../avr/lib/avr5/memx-const\libm.a
END GROUP
START GROUP
LOAD c:/program files/microchip/xc8/v2.36/avr/bin/../lib/gcc/avr/5.4.0/avr5/memx-const\libgcc.a
LOAD c:/program files/microchip/xc8/v2.36/avr/bin/../lib/gcc/avr/5.4.0/../../../../avr/lib/avr5/memx-const\libm.a
LOAD c:/program files/microchip/xc8/v2.36/avr/bin/../lib/gcc/avr/5.4.0/../../../../avr/lib/avr5/memx-const\libc.a
LOAD C:/Program Files (x86)/Atmel/Studio/7.0/Packs/atmel/ATmega_DFP/1.7.374/xc8/avr/lib/avr5/memx-const\libatmega64m1.a
END GROUP
                0x0000000000000000                __TEXT_REGION_ORIGIN__ = DEFINED (__TEXT_REGION_ORIGIN__)?__TEXT_REGION_ORIGIN__:0x0
                [0x0000000000800100]                __DATA_REGION_ORIGIN__ = DEFINED (__DATA_REGION_ORIGIN__)?__DATA_REGION_ORIGIN__:0x800060
                [0x0000000000010000]                __TEXT_REGION_LENGTH__ = DEFINED (__TEXT_REGION_LENGTH__)?__TEXT_REGION_LENGTH__:0x20000
                [0x0000000000001000]                __DATA_REGION_LENGTH__ = DEFINED (__DATA_REGION_LENGTH__)?__DATA_REGION_LENGTH__:0xffa0
                [0x0000000000000800]                __EEPROM_REGION_LENGTH__ = DEFINED (__EEPROM_REGION_LENGTH__)?__EEPROM_REGION_LENGTH__:0x10000
                [0x0000000000000003]                __FUSE_REGION_LENGTH__ = DEFINED (__FUSE_REGION_LENGTH__)?__FUSE_REGION_LENGTH__:0x400
                0x0000000000000400                __LOCK_REGION_LENGTH__ = DEFINED (__LOCK_REGION_LENGTH__)?__LOCK_REGION_LENGTH__:0x400
                0x0000000000000400                __SIGNATURE_REGION_LENGTH__ = DEFINED (__SIGNATURE_REGION_LENGTH__)?__SIGNATURE_REGION_LENGTH__:0x400
                0x0000000000000400                __USER_SIGNATURE_REGION_LENGTH__ = DEFINED (__USER_SIGNATURE_REGION_LENGTH__)?__USER_SIGNATURE_REGION_LENGTH__:0x400

.hash
 *(.hash)

.dynsym
 *(.dynsym)

.dynstr
 *(.dynstr)

.gnu.version
 *(.gnu.version)

.gnu.version_d
 *(.gnu.version_d)

.gnu.version_r
 *(.gnu.version_r)

.rel.init
 *(.rel.init)

.rela.init
 *(.rela.init)

.rel.text
 *(.rel.text)
 *(.rel.text.*)
 *(.rel.gnu.linkonce.t*)

.rela.text
 *(.rela.text)
 *(.rela.text.*)
 *(.rela.gnu.linkonce.t*)

.rel.fini
 *(.rel.fini)

.rela.fini
 *(.rela.fini)

.rel.rodata
 *(.rel.rodata)
 *(.rel.rodata.*)
 *(.rel.gnu.linkonce.r*)

.rela.rodata
 *(.rela.rodata)
 *(.rela.rodata.*)
 *(.rela.gnu.linkonce.r*)

.rel.data
 *(.rel.data)
 *(.rel.data.*)
 *(.rel.gnu.linkonce.d*)

.rela.data
 *(.rela.data)
 *(.rela.data.*)
 *(.rela.gnu.linkonce.d*)

.rel.ctors
 *(.rel.ctors)

.rela.ctors
 *(.rela.ctors)

.rel.dtors
 *(.rel.dtors)

.rela.dtors
 *(.rela.dtors)

.rel.got
 *(.rel.got)

.rela.got
 *(.rela.got)

.rel.bss
 *(.rel.bss)

.rela.bss
 *(.rela.bss)

.rel.plt
 *(.rel.plt)

.rela.plt
 *(.rela.plt)

.text           0x0000000000000000       0xda
 *(.vectors)
 .vectors       0x0000000000000000       0x7c C:/Program Files (x86)/Atmel/Studio/7.0/Packs/atmel/ATmega_DFP/1.7.374/xc8/avr/lib/avr5/memx-const/crtatmega64m1.o
                0x0000000000000000                __vector_default
                0x0000000000000000                __vectors
 *(.vectors)
 *(.progmem.gcc*)
 *(.dinit)
 .dinit         0x000000000000007c        0xa data_init
                0x0000000000000086                . = ALIGN (0x2)
                0x0000000000000086                __trampolines_start = .
 *(.trampolines)
 .trampolines   0x0000000000000086        0x0 linker stubs
 *(.trampolines*)
                0x0000000000000086                __trampolines_end = .
 *libprintf_flt.a:*(.progmem.data)
 *libc.a:*(.progmem.data)
                0x0000000000000086                . = ALIGN (0x2)
 *(.jumptables)
 *(.jumptables*)
 *(.lowtext)
 *(.lowtext*)
                0x0000000000000086                __ctors_start = .
 *(.ctors)
                0x0000000000000086                __ctors_end = .
                0x0000000000000086                __dtors_start = .
 *(.dtors)
                0x0000000000000086                __dtors_end = .
 SORT(*)(.ctors)
 SORT(*)(.dtors)
 *(.init0)
 .init0         0x0000000000000086        0x0 C:/Program Files (x86)/Atmel/Studio/7.0/Packs/atmel/ATmega_DFP/1.7.374/xc8/avr/lib/avr5/memx-const/crtatmega64m1.o
                0x0000000000000086                __init
 *(.init0)
 *(.init1)
 *(.init1)
 *(.init2)
 .init2         0x0000000000000086        0xc C:/Program Files (x86)/Atmel/Studio/7.0/Packs/atmel/ATmega_DFP/1.7.374/xc8/avr/lib/avr5/memx-const/crtatmega64m1.o
 *(.init2)
 *(.init3)
 *(.init3)
 *(.init4)
 .init4         0x0000000000000092       0x3c c:/program files/microchip/xc8/v2.36/avr/bin/../lib/gcc/avr/5.4.0/avr5/memx-const\libgcc.a(_copy_data.o)
                0x0000000000000092                __do_copy_data
                0x00000000000000c0                __do_clear_bss
 *(.init4)
 *(.init5)
 *(.init5)
 *(.init6)
 *(.init6)
 *(.init7)
 *(.init7)
 *(.init8)
 *(.init8)
 *(.init9)
 .init9         0x00000000000000ce        0x8 C:/Program Files (x86)/Atmel/Studio/7.0/Packs/atmel/ATmega_DFP/1.7.374/xc8/avr/lib/avr5/memx-const/crtatmega64m1.o
 *(.init9)
                0x00000000000000d6                . = ALIGN (0x2)
 *(.fini9)
 .fini9         0x00000000000000d6        0x0 c:/program files/microchip/xc8/v2.36/avr/bin/../lib/gcc/avr/5.4.0/avr5/memx-const\libgcc.a(_exit.o)
                0x00000000000000d6                _exit
 *(.fini9)
 *(.fini8)
 *(.fini8)
 *(.fini7)
 *(.fini7)
 *(.fini6)
 *(.fini6)
 *(.fini5)
 *(.fini5)
 *(.fini4)
 *(.fini4)
 *(.fini3)
 *(.fini3)
 *(.fini2)
 *(.fini2)
 *(.fini1)
 *(.fini1)
 *(.fini0)
 .fini0         0x00000000000000d6        0x4 c:/program files/microchip/xc8/v2.36/avr/bin/../lib/gcc/avr/5.4.0/avr5/memx-const\libgcc.a(_exit.o)
 *(.fini0)
                0x00000000000000da                _etext = .

.data           0x0000000000800100        0x0 load address 0x00000000000000da
                [!provide]                        PROVIDE (__data_start, .)
 *(.gnu.linkonce.d*)
 *(.gnu.linkonce.r*)
                0x0000000000800100                . = ALIGN (0x2)
                0x0000000000800100                _edata = .
                [!provide]                        PROVIDE (__data_end, .)

.bss            0x0000000000800100        0x2
                [!provide]                        PROVIDE (__bss_start, .)
 *(COMMON)
 COMMON         0x0000000000800100        0x2 c:/program files/microchip/xc8/v2.36/avr/bin/../lib/gcc/avr/5.4.0/../../../../avr/lib/avr5/memx-const\libc.a(errno.o)
                0x0000000000800100                __errno_val
                [!provide]                        PROVIDE (__bss_end, .)
                0x00000000000000da                __data_load_start = LOADADDR (.data)
                0x00000000000000da                __data_load_end = (__data_load_start + SIZEOF (.data))

.noinit         0x0000000000800102      0x22a
                [!provide]                        PROVIDE (__noinit_start, .)
 *(.noinit*)
 *fill*         0x0000000000800102        0x2 
 .noinit        0x0000000000800104      0x228 main.o
                [!provide]                        PROVIDE (__noinit_end, .)
                0x000000000080032c                _end = .

.eeprom         0x0000000000810000        0x0
 *(.eeprom*)
                0x0000000000810000                __eeprom_end = .

.fuse
 *(.fuse)
 *(.lfuse)
 *(.hfuse)
 *(.efuse)

.lock
 *(.lock*)

.signature
 *(.signature*)

.user_signatures
 *(.user_signatures*)

.stab
 *(.stab)

.stabstr
 *(.stabstr)

.stab.excl
 *(.stab.excl)

.stab.exclstr
 *(.stab.exclstr)

.stab.index
 *(.stab.index)

.stab.indexstr
 *(.stab.indexstr)

.comment        0x0000000000000000       0x2f
 *(.comment)
 .comment       0x0000000000000000       0x2f adc.o
                                         0x30 (size before relaxing)
 .comment       0x000000000000002f       0x30 can.o
 .comment       0x000000000000002f       0x30 debugSerial.o
 .comment       0x000000000000002f       0x30 EEPROM.o
 .comment       0x000000000000002f       0x30 I2c.o
 .comment       0x000000000000002f       0x30 main.o
 .comment       0x000000000000002f       0x30 rtc_mcp7940n.o
 .comment       0x000000000000002f       0x30 SD.o
 .comment       0x000000000000002f       0x30 SPI.o
 .comment       0x000000000000002f       0x30 STORE.o
 .comment       0x000000000000002f       0x30 vUART.o
 .comment       0x000000000000002f       0x30 c:/program files/microchip/xc8/v2.36/avr/bin/../lib/gcc/avr/5.4.0/../../../../avr/lib/avr5/memx-const\libc.a(exit.o)
 .comment       0x000000000000002f       0x30 c:/program files/microchip/xc8/v2.36/avr/bin/../lib/gcc/avr/5.4.0/../../../../avr/lib/avr5/memx-const\libc.a(memcpy.o)
 .comment       0x000000000000002f       0x30 c:/program files/microchip/xc8/v2.36/avr/bin/../lib/gcc/avr/5.4.0/../../../../avr/lib/avr5/memx-const\libc.a(memset.o)
 .comment       0x000000000000002f       0x30 c:/program files/microchip/xc8/v2.36/avr/bin/../lib/gcc/avr/5.4.0/../../../../avr/lib/avr5/memx-const\libc.a(gmtime.o)
 .comment       0x000000000000002f       0x30 c:/program files/microchip/xc8/v2.36/avr/bin/../lib/gcc/avr/5.4.0/../../../../avr/lib/avr5/memx-const\libc.a(gmtime_r.o)
 .comment       0x000000000000002f       0x30 c:/program files/microchip/xc8/v2.36/avr/bin/../lib/gcc/avr/5.4.0/../../../../avr/lib/avr5/memx-const\libc.a(mktime.o)
 .comment       0x000000000000002f       0x30 c:/program files/microchip/xc8/v2.36/avr/bin/../lib/gcc/avr/5.4.0/../../../../avr/lib/avr5/memx-const\libc.a(errno.o)
 .comment       0x000000000000002f       0x30 c:/program files/microchip/xc8/v2.36/avr/bin/../lib/gcc/avr/5.4.0/../../../../avr/lib/avr5/memx-const\libc.a(_Exit.o)
 .comment       0x000000000000002f       0x30 c:/program files/microchip/xc8/v2.36/avr/bin/../lib/gcc/avr/5.4.0/../../../../avr/lib/avr5/memx-const\libc.a(__tm_to_secs.o)
 .comment       0x000000000000002f       0x30 c:/program files/microchip/xc8/v2.36/avr/bin/../lib/gcc/avr/5.4.0/../../../../avr/lib/avr5/memx-const\libc.a(__year_to_secs.o)
 .comment       0x000000000000002f       0x30 c:/program files/microchip/xc8/v2.36/avr/bin/../lib/gcc/avr/5.4.0/../../../../avr/lib/avr5/memx-const\libc.a(__month_to_secs.o)
 .comment       0x000000000000002f       0x30 c:/program files/microchip/xc8/v2.36/avr/bin/../lib/gcc/avr/5.4.0/../../../../avr/lib/avr5/memx-const\libc.a(__secs_to_tm.o)

.stack.descriptors.hdr
                0x0000000000000000      0x142
 .stack.descriptors.hdr
                0x0000000000000000        0xe c:/program files/microchip/xc8/v2.36/avr/bin/../lib/gcc/avr/5.4.0/avr5/memx-const\libgcc.a(_udivmodhi4.o)
 .stack.descriptors.hdr
                0x000000000000000e        0xe c:/program files/microchip/xc8/v2.36/avr/bin/../lib/gcc/avr/5.4.0/avr5/memx-const\libgcc.a(_udivmodsi4.o)
 .stack.descriptors.hdr
                0x000000000000001c        0xe c:/program files/microchip/xc8/v2.36/avr/bin/../lib/gcc/avr/5.4.0/avr5/memx-const\libgcc.a(_divmodsi4.o)
 .stack.descriptors.hdr
                0x000000000000002a        0xe c:/program files/microchip/xc8/v2.36/avr/bin/../lib/gcc/avr/5.4.0/avr5/memx-const\libgcc.a(_negsi2.o)
 .stack.descriptors.hdr
                0x0000000000000038        0xe c:/program files/microchip/xc8/v2.36/avr/bin/../lib/gcc/avr/5.4.0/avr5/memx-const\libgcc.a(_umulhisi3.o)
 .stack.descriptors.hdr
                0x0000000000000046        0xe c:/program files/microchip/xc8/v2.36/avr/bin/../lib/gcc/avr/5.4.0/avr5/memx-const\libgcc.a(_usmulhisi3.o)
 .stack.descriptors.hdr
                0x0000000000000054        0xe c:/program files/microchip/xc8/v2.36/avr/bin/../lib/gcc/avr/5.4.0/avr5/memx-const\libgcc.a(_muluhisi3.o)
 .stack.descriptors.hdr
                0x0000000000000062        0xe c:/program files/microchip/xc8/v2.36/avr/bin/../lib/gcc/avr/5.4.0/avr5/memx-const\libgcc.a(_mulshisi3.o)
 .stack.descriptors.hdr
                0x0000000000000070        0xe c:/program files/microchip/xc8/v2.36/avr/bin/../lib/gcc/avr/5.4.0/avr5/memx-const\libgcc.a(_xload_2.o)
 .stack.descriptors.hdr
                0x000000000000007e        0xe c:/program files/microchip/xc8/v2.36/avr/bin/../lib/gcc/avr/5.4.0/avr5/memx-const\libgcc.a(_xload_4.o)
 .stack.descriptors.hdr
                0x000000000000008c        0xe c:/program files/microchip/xc8/v2.36/avr/bin/../lib/gcc/avr/5.4.0/avr5/memx-const\libgcc.a(_adddi3_s8.o)
 .stack.descriptors.hdr
                0x000000000000009a        0xe c:/program files/microchip/xc8/v2.36/avr/bin/../lib/gcc/avr/5.4.0/avr5/memx-const\libgcc.a(_divmodhi4.o)
 .stack.descriptors.hdr
                0x00000000000000a8        0xe c:/program files/microchip/xc8/v2.36/avr/bin/../lib/gcc/avr/5.4.0/avr5/memx-const\libgcc.a(_exit.o)
 .stack.descriptors.hdr
                0x00000000000000b6        0xe c:/program files/microchip/xc8/v2.36/avr/bin/../lib/gcc/avr/5.4.0/avr5/memx-const\libgcc.a(_muldi3.o)
 .stack.descriptors.hdr
                0x00000000000000c4        0xe c:/program files/microchip/xc8/v2.36/avr/bin/../lib/gcc/avr/5.4.0/avr5/memx-const\libgcc.a(_muldi3_6.o)
 .stack.descriptors.hdr
                0x00000000000000d2        0xe c:/program files/microchip/xc8/v2.36/avr/bin/../lib/gcc/avr/5.4.0/avr5/memx-const\libgcc.a(_mulsidi3.o)
 .stack.descriptors.hdr
                0x00000000000000e0        0xe c:/program files/microchip/xc8/v2.36/avr/bin/../lib/gcc/avr/5.4.0/avr5/memx-const\libgcc.a(_umulsidi3.o)
 .stack.descriptors.hdr
                0x00000000000000ee        0xe c:/program files/microchip/xc8/v2.36/avr/bin/../lib/gcc/avr/5.4.0/avr5/memx-const\libgcc.a(_divdi3.o)
 .stack.descriptors.hdr
                0x00000000000000fc        0xe c:/program files/microchip/xc8/v2.36/avr/bin/../lib/gcc/avr/5.4.0/avr5/memx-const\libgcc.a(_udivdi3.o)
 .stack.descriptors.hdr
                0x000000000000010a        0xe c:/program files/microchip/xc8/v2.36/avr/bin/../lib/gcc/avr/5.4.0/avr5/memx-const\libgcc.a(_udivmod64.o)
 .stack.descriptors.hdr
                0x0000000000000118        0xe c:/program files/microchip/xc8/v2.36/avr/bin/../lib/gcc/avr/5.4.0/avr5/memx-const\libgcc.a(_negdi2.o)
 .stack.descriptors.hdr
                0x0000000000000126        0xe c:/program files/microchip/xc8/v2.36/avr/bin/../lib/gcc/avr/5.4.0/avr5/memx-const\libgcc.a(_adddi3.o)
 .stack.descriptors.hdr
                0x0000000000000134        0xe c:/program files/microchip/xc8/v2.36/avr/bin/../lib/gcc/avr/5.4.0/avr5/memx-const\libgcc.a(_cmpdi2.o)

.note.GNU-stack
                0x0000000000000000        0x0
 .note.GNU-stack
                0x0000000000000000        0x0 c:/program files/microchip/xc8/v2.36/avr/bin/../lib/gcc/avr/5.4.0/../../../../avr/lib/avr5/memx-const\libc.a(exit.o)
 .note.GNU-stack
                0x0000000000000000        0x0 c:/program files/microchip/xc8/v2.36/avr/bin/../lib/gcc/avr/5.4.0/../../../../avr/lib/avr5/memx-const\libc.a(memcpy.o)
 .note.GNU-stack
                0x0000000000000000        0x0 c:/program files/microchip/xc8/v2.36/avr/bin/../lib/gcc/avr/5.4.0/../../../../avr/lib/avr5/memx-const\libc.a(memset.o)
 .note.GNU-stack
                0x0000000000000000        0x0 c:/program files/microchip/xc8/v2.36/avr/bin/../lib/gcc/avr/5.4.0/../../../../avr/lib/avr5/memx-const\libc.a(gmtime.o)
 .note.GNU-stack
                0x0000000000000000        0x0 c:/program files/microchip/xc8/v2.36/avr/bin/../lib/gcc/avr/5.4.0/../../../../avr/lib/avr5/memx-const\libc.a(gmtime_r.o)
 .note.GNU-stack
                0x0000000000000000        0x0 c:/program files/microchip/xc8/v2.36/avr/bin/../lib/gcc/avr/5.4.0/../../../../avr/lib/avr5/memx-const\libc.a(mktime.o)
 .note.GNU-stack
                0x0000000000000000        0x0 c:/program files/microchip/xc8/v2.36/avr/bin/../lib/gcc/avr/5.4.0/../../../../avr/lib/avr5/memx-const\libc.a(errno.o)
 .note.GNU-stack
                0x0000000000000000        0x0 c:/program files/microchip/xc8/v2.36/avr/bin/../lib/gcc/avr/5.4.0/../../../../avr/lib/avr5/memx-const\libc.a(_Exit.o)
 .note.GNU-stack
                0x0000000000000000        0x0 c:/program files/microchip/xc8/v2.36/avr/bin/../lib/gcc/avr/5.4.0/../../../../avr/lib/avr5/memx-const\libc.a(__tm_to_secs.o)
 .note.GNU-stack
                0x0000000000000000        0x0 c:/program files/microchip/xc8/v2.36/avr/bin/../lib/gcc/avr/5.4.0/../../../../avr/lib/avr5/memx-const\libc.a(__year_to_secs.o)
 .note.GNU-stack
                0x0000000000000000        0x0 c:/program files/microchip/xc8/v2.36/avr/bin/../lib/gcc/avr/5.4.0/../../../../avr/lib/avr5/memx-const\libc.a(__month_to_secs.o)
 .note.GNU-stack
                0x0000000000000000        0x0 c:/program files/microchip/xc8/v2.36/avr/bin/../lib/gcc/avr/5.4.0/../../../../avr/lib/avr5/memx-const\libc.a(__secs_to_tm.o)

.note.gnu.build-id
 *(.note.gnu.build-id)

.debug
 *(.debug)

.line
 *(.line)

.debug_srcinfo
 *(.debug_srcinfo)

.debug_sfnames
 *(.debug_sfnames)

.debug_aranges  0x0000000000000000      0x530
 *(.debug_aranges)
 .debug_aranges
                0x0000000000000000       0x40 adc.o
 .debug_aranges
                0x0000000000000040       0x88 can.o
 .debug_aranges
                0x00000000000000c8       0x20 debugSerial.o
 .debug_aranges
                0x00000000000000e8       0x28 EEPROM.o
 .debug_aranges
                0x0000000000000110       0x58 I2c.o
 .debug_aranges
                0x0000000000000168      0x1c0 main.o
 .debug_aranges
                0x0000000000000328       0x78 rtc_mcp7940n.o
 .debug_aranges
                0x00000000000003a0       0xa0 SD.o
 .debug_aranges
                0x0000000000000440       0x30 SPI.o
 .debug_aranges
                0x0000000000000470       0x58 STORE.o
 .debug_aranges
                0x00000000000004c8       0x68 vUART.o

.debug_pubnames
 *(.debug_pubnames)

.debug_info     0x0000000000000000     0x909a
 *(.debug_info .gnu.linkonce.wi.*)
 .debug_info    0x0000000000000000      0xa40 C:/Program Files (x86)/Atmel/Studio/7.0/Packs/atmel/ATmega_DFP/1.7.374/xc8/avr/lib/avr5/memx-const/crtatmega64m1.o
 .debug_info    0x0000000000000a40      0x4c9 adc.o
 .debug_info    0x0000000000000f09     0x11a7 can.o
 .debug_info    0x00000000000020b0      0x274 debugSerial.o
 .debug_info    0x0000000000002324      0x2a7 EEPROM.o
 .debug_info    0x00000000000025cb      0x4ee I2c.o
 .debug_info    0x0000000000002ab9     0x2cce main.o
 .debug_info    0x0000000000005787      0xdfa rtc_mcp7940n.o
 .debug_info    0x0000000000006581     0x10f0 SD.o
 .debug_info    0x0000000000007671      0x3d3 SPI.o
 .debug_info    0x0000000000007a44      0xe99 STORE.o
 .debug_info    0x00000000000088dd      0x7bd vUART.o

.debug_abbrev   0x0000000000000000     0x1ad9
 *(.debug_abbrev)
 .debug_abbrev  0x0000000000000000      0x9b2 C:/Program Files (x86)/Atmel/Studio/7.0/Packs/atmel/ATmega_DFP/1.7.374/xc8/avr/lib/avr5/memx-const/crtatmega64m1.o
 .debug_abbrev  0x00000000000009b2       0xd6 adc.o
 .debug_abbrev  0x0000000000000a88      0x275 can.o
 .debug_abbrev  0x0000000000000cfd       0x5f debugSerial.o
 .debug_abbrev  0x0000000000000d5c       0x80 EEPROM.o
 .debug_abbrev  0x0000000000000ddc       0xe8 I2c.o
 .debug_abbrev  0x0000000000000ec4      0x385 main.o
 .debug_abbrev  0x0000000000001249      0x276 rtc_mcp7940n.o
 .debug_abbrev  0x00000000000014bf      0x206 SD.o
 .debug_abbrev  0x00000000000016c5       0xdb SPI.o
 .debug_abbrev  0x00000000000017a0      0x1ba STORE.o
 .debug_abbrev  0x000000000000195a      0x17f vUART.o

.debug_line     0x0000000000000000     0x39d0
 *(.debug_line .debug_line.* .debug_line_end)
 .debug_line    0x0000000000000000      0x154 C:/Program Files (x86)/Atmel/Studio/7.0/Packs/atmel/ATmega_DFP/1.7.374/xc8/avr/lib/avr5/memx-const/crtatmega64m1.o
 .debug_line    0x0000000000000154      0x203 adc.o
 .debug_line    0x0000000000000357      0x6e2 can.o
 .debug_line    0x0000000000000a39       0x47 debugSerial.o
 .debug_line    0x0000000000000a80       0xd7 EEPROM.o
 .debug_line    0x0000000000000b57      0x2fc I2c.o
 .debug_line    0x0000000000000e53     0x1660 main.o
 .debug_line    0x00000000000024b3      0x653 rtc_mcp7940n.o
 .debug_line    0x0000000000002b06      0x613 SD.o
 .debug_line    0x0000000000003119      0x175 SPI.o
 .debug_line    0x000000000000328e      0x2f8 STORE.o
 .debug_line    0x0000000000003586      0x44a vUART.o

.debug_frame    0x0000000000000000     0x1288
 *(.debug_frame)
 .debug_frame   0x0000000000000000       0xb4 adc.o
 .debug_frame   0x00000000000000b4      0x208 can.o
 .debug_frame   0x00000000000002bc       0x34 debugSerial.o
 .debug_frame   0x00000000000002f0       0x34 EEPROM.o
 .debug_frame   0x0000000000000324       0xc4 I2c.o
 .debug_frame   0x00000000000003e8      0x6c4 main.o
 .debug_frame   0x0000000000000aac      0x1dc rtc_mcp7940n.o
 .debug_frame   0x0000000000000c88      0x2c4 SD.o
 .debug_frame   0x0000000000000f4c       0x58 SPI.o
 .debug_frame   0x0000000000000fa4      0x180 STORE.o
 .debug_frame   0x0000000000001124      0x164 vUART.o

.debug_str      0x0000000000000000      0x70d
 *(.debug_str)
 .debug_str     0x0000000000000000      0x3d0 C:/Program Files (x86)/Atmel/Studio/7.0/Packs/atmel/ATmega_DFP/1.7.374/xc8/avr/lib/avr5/memx-const/crtatmega64m1.o
 .debug_str     0x00000000000003d0       0x1b adc.o
 .debug_str     0x00000000000003eb       0x4f can.o
 .debug_str     0x000000000000043a        0x0 debugSerial.o
 .debug_str     0x000000000000043a        0xb EEPROM.o
 .debug_str     0x0000000000000445        0x0 I2c.o
 .debug_str     0x0000000000000445      0x181 main.o
 .debug_str     0x00000000000005c6       0x7c rtc_mcp7940n.o
 .debug_str     0x0000000000000642       0x8a SD.o
 .debug_str     0x00000000000006cc        0x0 SPI.o
 .debug_str     0x00000000000006cc       0x14 STORE.o
 .debug_str     0x00000000000006e0       0x2d vUART.o

.debug_loc      0x0000000000000000     0x4880
 *(.debug_loc)
 .debug_loc     0x0000000000000000      0x18f adc.o
 .debug_loc     0x000000000000018f      0x7af can.o
 .debug_loc     0x000000000000093e       0x3b debugSerial.o
 .debug_loc     0x0000000000000979       0x58 EEPROM.o
 .debug_loc     0x00000000000009d1      0x223 I2c.o
 .debug_loc     0x0000000000000bf4     0x19bb main.o
 .debug_loc     0x00000000000025af      0xa42 rtc_mcp7940n.o
 .debug_loc     0x0000000000002ff1      0xee4 SD.o
 .debug_loc     0x0000000000003ed5      0x23a SPI.o
 .debug_loc     0x000000000000410f      0x4bb STORE.o
 .debug_loc     0x00000000000045ca      0x2b6 vUART.o

.debug_macinfo
 *(.debug_macinfo)

.debug_weaknames
 *(.debug_weaknames)

.debug_funcnames
 *(.debug_funcnames)

.debug_typenames
 *(.debug_typenames)

.debug_varnames
 *(.debug_varnames)

.debug_pubtypes
 *(.debug_pubtypes)

.debug_ranges   0x0000000000000000      0x510
 *(.debug_ranges)
 .debug_ranges  0x0000000000000000       0x30 adc.o
 .debug_ranges  0x0000000000000030       0x78 can.o
 .debug_ranges  0x00000000000000a8       0x10 debugSerial.o
 .debug_ranges  0x00000000000000b8       0x18 EEPROM.o
 .debug_ranges  0x00000000000000d0       0x48 I2c.o
 .debug_ranges  0x0000000000000118      0x228 main.o
 .debug_ranges  0x0000000000000340       0x80 rtc_mcp7940n.o
 .debug_ranges  0x00000000000003c0       0x90 SD.o
 .debug_ranges  0x0000000000000450       0x20 SPI.o
 .debug_ranges  0x0000000000000470       0x48 STORE.o
 .debug_ranges  0x00000000000004b8       0x58 vUART.o

.debug_macro
 *(.debug_macro)
OUTPUT(ModuleCPU.elf elf32-avr)
LOAD linker stubs
LOAD data_init

.note.gnu.avr.deviceinfo
                0x0000000000000000       0x40
 .note.gnu.avr.deviceinfo
                0x0000000000000000       0x40 C:/Program Files (x86)/Atmel/Studio/7.0/Packs/atmel/ATmega_DFP/1.7.374/xc8/avr/lib/avr5/memx-const/crtatmega64m1.o

.bss.sg_eCurrentType
                0x000000000080094f        0x1
 .bss.sg_eCurrentType
                0x000000000080094f        0x1 adc.o

.bss.sg_eState  0x000000000080096e        0x1
 .bss.sg_eState
                0x000000000080096e        0x1 adc.o

.bss.sg_u16ErrorPassive
                0x000000000080094d        0x2
 .bss.sg_u16ErrorPassive
                0x000000000080094d        0x2 can.o

.bss.sg_u16BusOffEvents
                0x000000000080095c        0x2
 .bss.sg_u16BusOffEvents
                0x000000000080095c        0x2 can.o

.bss.sg_u16TxOkPolled
                0x000000000080095e        0x2
 .bss.sg_u16TxOkPolled
                0x000000000080095e        0x2 can.o

.bss.sg_u16TxErrors
                0x0000000000800960        0x2
 .bss.sg_u16TxErrors
                0x0000000000800960        0x2 can.o

.bss.sg_u16TxTimeouts
                0x0000000000800962        0x2
 .bss.sg_u16TxTimeouts
                0x0000000000800962        0x2 can.o

.bss.sg_bInRetransmit
                0x000000000080096f        0x1
 .bss.sg_bInRetransmit
                0x000000000080096f        0x1 can.o

.bss.sg_u8LastTXDataLen
                0x0000000000800970        0x1
 .bss.sg_u8LastTXDataLen
                0x0000000000800970        0x1 can.o

.bss.sg_u8LastTXData
                0x000000000080093d        0x8
 .bss.sg_u8LastTXData
                0x000000000080093d        0x8 can.o

.bss.sg_eLastTXType
                0x0000000000800971        0x1
 .bss.sg_eLastTXType
                0x0000000000800971        0x1 can.o

.bss.sg_u8TransmitAttempts
                0x0000000000800972        0x1
 .bss.sg_u8TransmitAttempts
                0x0000000000800972        0x1 can.o

.bss.sg_pfRXCallback
                0x0000000000800964        0x2
 .bss.sg_pfRXCallback
                0x0000000000800964        0x2 can.o

.bss.sg_u8Busy  0x0000000000800973        0x1
 .bss.sg_u8Busy
                0x0000000000800973        0x1 can.o

.bss.sg_u8PCMSK1
                0x0000000000800974        0x1
 .bss.sg_u8PCMSK1
                0x0000000000800974        0x1 main.o

.bss.sg_u8PCMSK0
                0x0000000000800975        0x1
 .bss.sg_u8PCMSK0
                0x0000000000800975        0x1 main.o

.bss.sg_u8UnhandledInterruptVector
                0x0000000000800976        0x1
 .bss.sg_u8UnhandledInterruptVector
                0x0000000000800976        0x1 main.o

.bss.sg_u8Reason
                0x0000000000800977        0x1
 .bss.sg_u8Reason
                0x0000000000800977        0x1 main.o

.bss.sg_u8ControllerStatusMsgCount
                0x0000000000800978        0x1
 .bss.sg_u8ControllerStatusMsgCount
                0x0000000000800978        0x1 main.o

.bss.sg_u8CellReports
                0x0000000000800979        0x1
 .bss.sg_u8CellReports
                0x0000000000800979        0x1 main.o

.bss.sg_u16BytesReceived
                0x0000000000800966        0x2
 .bss.sg_u16BytesReceived
                0x0000000000800966        0x2 main.o

.bss.sg_u8CellBufferTemp
                0x0000000000800950        0x4
 .bss.sg_u8CellBufferTemp
                0x0000000000800950        0x4 main.o

.bss.sg_u8CellBufferRX
                0x000000000080097a        0x1
 .bss.sg_u8CellBufferRX
                0x000000000080097a        0x1 main.o

.bss.sg_u8CellIndex
                0x000000000080097b        0x1
 .bss.sg_u8CellIndex
                0x000000000080097b        0x1 main.o

.bss.sg_u8TicksSinceLastPackControllerMessage
                0x000000000080097c        0x1
 .bss.sg_u8TicksSinceLastPackControllerMessage
                0x000000000080097c        0x1 main.o

.bss.sg_u8CellStringPowerTimer
                0x000000000080097d        0x1
 .bss.sg_u8CellStringPowerTimer
                0x000000000080097d        0x1 main.o

.bss.sg_bFrameStart
                0x000000000080097e        0x1
 .bss.sg_bFrameStart
                0x000000000080097e        0x1 main.o

.bss.sg_u8CellFrameTimer
                0x000000000080097f        0x1
 .bss.sg_u8CellFrameTimer
                0x000000000080097f        0x1 main.o

.bss.sg_bIgnoreStatusRequests
                0x0000000000800980        0x1
 .bss.sg_bIgnoreStatusRequests
                0x0000000000800980        0x1 main.o

.bss.sg_u8AnnouncementDelayTicks
                0x0000000000800981        0x1
 .bss.sg_u8AnnouncementDelayTicks
                0x0000000000800981        0x1 main.o

.bss.sg_bAnnouncementPending
                0x0000000000800982        0x1
 .bss.sg_bAnnouncementPending
                0x0000000000800982        0x1 main.o

.bss.sg_u8CurrentBufferIndex
                0x0000000000800983        0x1
 .bss.sg_u8CurrentBufferIndex
                0x0000000000800983        0x1 main.o

.bss.sg_sCurrenBuffer
                0x000000000080091d       0x10
 .bss.sg_sCurrenBuffer
                0x000000000080091d       0x10 main.o

.bss.sg_u64Time
                0x0000000000800945        0x8
 .bss.sg_u64Time
                0x0000000000800945        0x8 rtc_mcp7940n.o

.bss.sg_u8CSD   0x000000000080092d       0x10
 .bss.sg_u8CSD  0x000000000080092d       0x10 SD.o

.bss.sg_u16BlockSize
                0x0000000000800968        0x2
 .bss.sg_u16BlockSize
                0x0000000000800968        0x2 SD.o

.bss.sg_u32SDSectorCount
                0x0000000000800954        0x4
 .bss.sg_u32SDSectorCount
                0x0000000000800954        0x4 SD.o

.bss.frameBuffer
                0x000000000080032c      0x400
 .bss.frameBuffer
                0x000000000080032c      0x400 STORE.o

.bss.currentSector
                0x0000000000800958        0x4
 .bss.currentSector
                0x0000000000800958        0x4 STORE.o

.bss.gState     0x000000000080072c      0x1d8
 .bss.gState    0x000000000080072c      0x1d8 STORE.o

.bss.sg_bState  0x0000000000800984        0x1
 .bss.sg_bState
                0x0000000000800984        0x1 vUART.o

.bss.sg_u8SendData
                0x000000000080096a        0x2
 .bss.sg_u8SendData
                0x000000000080096a        0x2 vUART.o

.bss.sg_u8SendIndex
                0x0000000000800985        0x1
 .bss.sg_u8SendIndex
                0x0000000000800985        0x1 vUART.o

.bss.sg_edgeCorrections
                0x000000000080096c        0x2
 .bss.sg_edgeCorrections
                0x000000000080096c        0x2 vUART.o

.bss.sg_maxTimingError
                0x0000000000800986        0x1
 .bss.sg_maxTimingError
                0x0000000000800986        0x1 vUART.o

.bss.sg_minTimingError
                0x0000000000800987        0x1
 .bss.sg_minTimingError
                0x0000000000800987        0x1 vUART.o

.bss.sg_bMCTxNextBit
                0x0000000000800988        0x1
 .bss.sg_bMCTxNextBit
                0x0000000000800988        0x1 vUART.o

.bss.sg_bCellReportsReuested
                0x0000000000800989        0x1
 .bss.sg_bCellReportsReuested
                0x0000000000800989        0x1 vUART.o

.bss.sg_etxState
                0x000000000080098a        0x1
 .bss.sg_etxState
                0x000000000080098a        0x1 vUART.o

.bss.sg_btxMoreAvailable
                0x000000000080098b        0x1
 .bss.sg_btxMoreAvailable
                0x000000000080098b        0x1 vUART.o

.bss.sg_u8txDataByte
                0x000000000080098c        0x1
 .bss.sg_u8txDataByte
                0x000000000080098c        0x1 vUART.o

.bss.sg_u8txBitCount
                0x000000000080098d        0x1
 .bss.sg_u8txBitCount
                0x000000000080098d        0x1 vUART.o

.bss.sg_bCell_mc_rxMoreData
                0x000000000080098e        0x1
 .bss.sg_bCell_mc_rxMoreData
                0x000000000080098e        0x1 vUART.o

.bss.sg_bCell_mc_rxPriorState
                0x000000000080098f        0x1
 .bss.sg_bCell_mc_rxPriorState
                0x000000000080098f        0x1 vUART.o

.bss.sg_eCell_mc_rxState
                0x0000000000800990        0x1
 .bss.sg_eCell_mc_rxState
                0x0000000000800990        0x1 vUART.o

.bss.sg_u8rxDataByte
                0x0000000000800991        0x1
 .bss.sg_u8rxDataByte
                0x0000000000800991        0x1 vUART.o

.bss.sg_u8Cell_mc_rxBitCount
                0x0000000000800992        0x1
 .bss.sg_u8Cell_mc_rxBitCount
                0x0000000000800992        0x1 vUART.o

.bss.tm.1240    0x0000000000800904       0x19
 .bss.tm.1240   0x0000000000800904       0x19 c:/program files/microchip/xc8/v2.36/avr/bin/../lib/gcc/avr/5.4.0/../../../../avr/lib/avr5/memx-const\libc.a(gmtime.o)

.progmemx.data  0x00000000000000da      0x1a1
 .progmemx.data
                0x00000000000000da      0x1a1 main.o

.progmemx.data.secs_through_month.1090
                0x000000000000027b       0x30
 .progmemx.data.secs_through_month.1090
                0x000000000000027b       0x30 c:/program files/microchip/xc8/v2.36/avr/bin/../lib/gcc/avr/5.4.0/../../../../avr/lib/avr5/memx-const\libc.a(__month_to_secs.o)

.progmemx.data.sg_sSPIBaudRates
                0x00000000000002ab       0x2a
 .progmemx.data.sg_sSPIBaudRates
                0x00000000000002ab       0x2a SPI.o

.progmemx.data.sg_sRXCommandList
                0x00000000000002d5       0x21
 .progmemx.data.sg_sRXCommandList
                0x00000000000002d5       0x21 can.o

.progmemx.data  0x00000000000002f6       0x14
 .progmemx.data
                0x00000000000002f6       0x14 rtc_mcp7940n.o

.progmemx.data.sg_u8FractionalLookup
                0x000000000000030a       0x10
 .progmemx.data.sg_u8FractionalLookup
                0x000000000000030a       0x10 main.o

.progmemx.data.sg_sMuxSelectList
                0x000000000000031a        0xf
 .progmemx.data.sg_sMuxSelectList
                0x000000000000031a        0xf adc.o

.progmemx.data.sg_u8DaysInMonths
                0x0000000000000329        0xc
 .progmemx.data.sg_u8DaysInMonths
                0x0000000000000329        0xc rtc_mcp7940n.o

.progmemx.data.days_in_month.1250
                0x0000000000000335        0xc
 .progmemx.data.days_in_month.1250
                0x0000000000000335        0xc c:/program files/microchip/xc8/v2.36/avr/bin/../lib/gcc/avr/5.4.0/../../../../avr/lib/avr5/memx-const\libc.a(__secs_to_tm.o)

.progmemx.data  0x0000000000000341        0xb
 .progmemx.data
                0x0000000000000341        0xb adc.o

.progmemx.data  0x000000000000034c        0xb
 .progmemx.data
                0x000000000000034c        0xb can.o

.progmemx.data.sg_sMOBModuleRequestTime
                0x0000000000000357        0x8
 .progmemx.data.sg_sMOBModuleRequestTime
                0x0000000000000357        0x8 can.o

.progmemx.data.sg_sMOBModuleHardwareDetail
                0x000000000000035f        0x8
 .progmemx.data.sg_sMOBModuleHardwareDetail
                0x000000000000035f        0x8 can.o

.progmemx.data.sg_sMOBModuleCellDetail
                0x0000000000000367        0x8
 .progmemx.data.sg_sMOBModuleCellDetail
                0x0000000000000367        0x8 can.o

.progmemx.data.sg_sMOBModuleCellCommStat2
                0x000000000000036f        0x8
 .progmemx.data.sg_sMOBModuleCellCommStat2
                0x000000000000036f        0x8 can.o

.progmemx.data.sg_sMOBModuleCellCommStat1
                0x0000000000000377        0x8
 .progmemx.data.sg_sMOBModuleCellCommStat1
                0x0000000000000377        0x8 can.o

.progmemx.data.sg_sMOBModuleStatus3
                0x000000000000037f        0x8
 .progmemx.data.sg_sMOBModuleStatus3
                0x000000000000037f        0x8 can.o

.progmemx.data.sg_sMOBModuleStatus2
                0x0000000000000387        0x8
 .progmemx.data.sg_sMOBModuleStatus2
                0x0000000000000387        0x8 can.o

.progmemx.data.sg_sMOBModuleStatus1
                0x000000000000038f        0x8
 .progmemx.data.sg_sMOBModuleStatus1
                0x000000000000038f        0x8 can.o

.progmemx.data.sg_sMOBModuleAnnouncement
                0x0000000000000397        0x8
 .progmemx.data.sg_sMOBModuleAnnouncement
                0x0000000000000397        0x8 can.o

.progmemx.data.sg_sMOBGenericReceive
                0x000000000000039f        0x8
 .progmemx.data.sg_sMOBGenericReceive
                0x000000000000039f        0x8 can.o

.progmemx.data.sg_sMOBDisabled
                0x00000000000003a7        0x8
 .progmemx.data.sg_sMOBDisabled
                0x00000000000003a7        0x8 can.o

.progmemx.data  0x00000000000003af        0x4
 .progmemx.data
                0x00000000000003af        0x4 c:/program files/microchip/xc8/v2.36/avr/bin/../lib/gcc/avr/5.4.0/../../../../avr/lib/avr5/memx-const\libc.a(gmtime_r.o)

.progmemx.data  0x00000000000003b3        0x4
 .progmemx.data
                0x00000000000003b3        0x4 c:/program files/microchip/xc8/v2.36/avr/bin/../lib/gcc/avr/5.4.0/../../../../avr/lib/avr5/memx-const\libc.a(mktime.o)

.text.__secs_to_tm
                0x00000000000003b8      0x458
 .text.__secs_to_tm
                0x00000000000003b8      0x458 c:/program files/microchip/xc8/v2.36/avr/bin/../lib/gcc/avr/5.4.0/../../../../avr/lib/avr5/memx-const\libc.a(__secs_to_tm.o)
                0x00000000000003b8                __secs_to_tm

.text.ControllerStatusMessagesSend
                0x0000000000000810      0x422
 .text.ControllerStatusMessagesSend
                0x0000000000000810      0x422 main.o

.text.main      0x0000000000000c32      0x2fc
 .text.main     0x0000000000000c32      0x2fc main.o
                0x0000000000000c32                main

.text.CellStringProcess
                0x0000000000000f2e      0x2a6
 .text.CellStringProcess
                0x0000000000000f2e      0x2a6 main.o

.text.CANReceiveCallback
                0x00000000000011d4      0x298
 .text.CANReceiveCallback
                0x00000000000011d4      0x298 main.o
                0x00000000000011d4                CANReceiveCallback

.text.__year_to_secs
                0x000000000000146c      0x256
 .text.__year_to_secs
                0x000000000000146c      0x256 c:/program files/microchip/xc8/v2.36/avr/bin/../lib/gcc/avr/5.4.0/../../../../avr/lib/avr5/memx-const\libc.a(__year_to_secs.o)
                0x000000000000146c                __year_to_secs

.text.RTCInit   0x00000000000016c2      0x222
 .text.RTCInit  0x00000000000016c2      0x222 rtc_mcp7940n.o
                0x00000000000016c2                RTCInit

.text.ModuleControllerStateHandle
                0x00000000000018e4      0x21e
 .text.ModuleControllerStateHandle
                0x00000000000018e4      0x21e main.o

.text.CANMOBSet
                0x0000000000001b02      0x212
 .text.CANMOBSet
                0x0000000000001b02      0x212 can.o

.text.__tm_to_secs
                0x0000000000001d14      0x1be
 .text.__tm_to_secs
                0x0000000000001d14      0x1be c:/program files/microchip/xc8/v2.36/avr/bin/../lib/gcc/avr/5.4.0/../../../../avr/lib/avr5/memx-const\libc.a(__tm_to_secs.o)
                0x0000000000001d14                __tm_to_secs

.text.CANSendMessageInternal
                0x0000000000001ed2      0x180
 .text.CANSendMessageInternal
                0x0000000000001ed2      0x180 can.o

.text.CANMOBInterrupt
                0x0000000000002052      0x166
 .text.CANMOBInterrupt
                0x0000000000002052      0x166 can.o
                0x0000000000002052                CANMOBInterrupt

.text.SDInit    0x00000000000021b8      0x166
 .text.SDInit   0x00000000000021b8      0x166 SD.o
                0x00000000000021b8                SDInit

.text.ADCInit   0x000000000000231e      0x13c
 .text.ADCInit  0x000000000000231e      0x13c adc.o
                0x000000000000231e                ADCInit

.text.__vector_18
                0x000000000000245a      0x138
 .text.__vector_18
                0x000000000000245a      0x138 can.o
                0x000000000000245a                __vector_18

.text.__vector_15
                0x0000000000002592      0x134
 .text.__vector_15
                0x0000000000002592      0x134 vUART.o
                0x0000000000002592                __vector_15

.text.ModuleCurrentConvertReadings
                0x00000000000026c6      0x104
 .text.ModuleCurrentConvertReadings
                0x00000000000026c6      0x104 main.o

.text.RTCWriteHW
                0x00000000000027ca       0xfe
 .text.RTCWriteHW
                0x00000000000027ca       0xfe rtc_mcp7940n.o

.text.STORE_WriteFrame
                0x00000000000028c8       0xf8
 .text.STORE_WriteFrame
                0x00000000000028c8       0xf8 STORE.o
                0x00000000000028c8                STORE_WriteFrame

.text.__vector_16
                0x00000000000029c0       0xe4
 .text.__vector_16
                0x00000000000029c0       0xe4 vUART.o
                0x00000000000029c0                __vector_16

.text.RTCReadHW
                0x0000000000002aa4       0xe2
 .text.RTCReadHW
                0x0000000000002aa4       0xe2 rtc_mcp7940n.o

.text.SDWrite   0x0000000000002b86       0xdc
 .text.SDWrite  0x0000000000002b86       0xdc SD.o
                0x0000000000002b86                SDWrite

.text.updateSessionMap
                0x0000000000002c62       0xdc
 .text.updateSessionMap
                0x0000000000002c62       0xdc STORE.o

.text.SDRead    0x0000000000002d3e       0xd8
 .text.SDRead   0x0000000000002d3e       0xd8 SD.o
                0x0000000000002d3e                SDRead

.text.FrameInit
                0x0000000000002e16       0xcc
 .text.FrameInit
                0x0000000000002e16       0xcc main.o
                0x0000000000002e16                FrameInit

.text.SPISetBaudRate
                0x0000000000002ee2       0xca
 .text.SPISetBaudRate
                0x0000000000002ee2       0xca SPI.o
                0x0000000000002ee2                SPISetBaudRate

.text.RTCSetTime
                0x0000000000002fac       0xc6
 .text.RTCSetTime
                0x0000000000002fac       0xc6 rtc_mcp7940n.o
                0x0000000000002fac                RTCSetTime

.text.CellCountExpectedSet
                0x0000000000003072       0xc4
 .text.CellCountExpectedSet
                0x0000000000003072       0xc4 main.o

.text.SDTransmitDataBlock
                0x0000000000003136       0xc2
 .text.SDTransmitDataBlock
                0x0000000000003136       0xc2 SD.o

.text.__vector_27
                0x00000000000031f8       0xbc
 .text.__vector_27
                0x00000000000031f8       0xbc adc.o
                0x00000000000031f8                __vector_27

.text.__vector_12
                0x00000000000032b4       0xba
 .text.__vector_12
                0x00000000000032b4       0xba main.o
                0x00000000000032b4                __vector_12

.text.__vector_8
                0x000000000000336e       0xb2
 .text.__vector_8
                0x000000000000336e       0xb2 vUART.o
                0x000000000000336e                __vector_8

.text.CANCheckTxStatus
                0x0000000000003420       0xac
 .text.CANCheckTxStatus
                0x0000000000003420       0xac can.o
                0x0000000000003420                CANCheckTxStatus

.text.SDCommand
                0x00000000000034cc       0xaa
 .text.SDCommand
                0x00000000000034cc       0xaa SD.o

.text.libgcc.div
                0x0000000000003576       0xa2
 .text.libgcc.div
                0x0000000000003576       0xa2 c:/program files/microchip/xc8/v2.36/avr/bin/../lib/gcc/avr/5.4.0/avr5/memx-const\libgcc.a(_udivmod64.o)
                0x0000000000003576                __udivmod64

.text.libgcc.mul
                0x0000000000003618       0xa0
 .text.libgcc.mul
                0x0000000000003618       0xa0 c:/program files/microchip/xc8/v2.36/avr/bin/../lib/gcc/avr/5.4.0/avr5/memx-const\libgcc.a(_muldi3.o)
                0x0000000000003618                __muldi3

.text.CANInit   0x00000000000036b8       0x9c
 .text.CANInit  0x00000000000036b8       0x9c can.o
                0x00000000000036b8                CANInit

.text.CurrentThresholdsGet
                0x0000000000003754       0x94
 .text.CurrentThresholdsGet
                0x0000000000003754       0x94 main.o

.text.__vector_23
                0x00000000000037e8       0x8a
 .text.__vector_23
                0x00000000000037e8       0x8a main.o
                0x00000000000037e8                __vector_23

.text.SDReceiveDataBlock
                0x0000000000003872       0x8a
 .text.SDReceiveDataBlock
                0x0000000000003872       0x8a SD.o

.text.CellStringPowerStateMachine
                0x00000000000038fc       0x88
 .text.CellStringPowerStateMachine
                0x00000000000038fc       0x88 main.o

.text.__vector_10
                0x0000000000003984       0x86
 .text.__vector_10
                0x0000000000003984       0x86 rtc_mcp7940n.o
                0x0000000000003984                __vector_10

.text.mktime    0x0000000000003a0a       0x86
 .text.mktime   0x0000000000003a0a       0x86 c:/program files/microchip/xc8/v2.36/avr/bin/../lib/gcc/avr/5.4.0/../../../../avr/lib/avr5/memx-const\libc.a(mktime.o)
                0x0000000000003a0a                mktime

.text.STORE_Init
                0x0000000000003a90       0x82
 .text.STORE_Init
                0x0000000000003a90       0x82 STORE.o
                0x0000000000003a90                STORE_Init

.text.ModuleControllerGetUniqueID
                0x0000000000003b12       0x7e
 .text.ModuleControllerGetUniqueID
                0x0000000000003b12       0x7e main.o
                0x0000000000003b12                ModuleControllerGetUniqueID

.text.RTCReadRegisters
                0x0000000000003b90       0x7e
 .text.RTCReadRegisters
                0x0000000000003b90       0x7e rtc_mcp7940n.o
                0x0000000000003b90                RTCReadRegisters

.text.HWToStructTM
                0x0000000000003c0e       0x7c
 .text.HWToStructTM
                0x0000000000003c0e       0x7c rtc_mcp7940n.o

.text.SDReadCSD
                0x0000000000003c8a       0x7c
 .text.SDReadCSD
                0x0000000000003c8a       0x7c SD.o

.text.I2CRxByte
                0x0000000000003d06       0x7a
 .text.I2CRxByte
                0x0000000000003d06       0x7a I2c.o
                0x0000000000003d06                I2CRxByte

.text.vUARTRXData
                0x0000000000003d80       0x7a
 .text.vUARTRXData
                0x0000000000003d80       0x7a main.o
                0x0000000000003d80                vUARTRXData

.text.CANCheckHealth
                0x0000000000003dfa       0x72
 .text.CANCheckHealth
                0x0000000000003dfa       0x72 can.o
                0x0000000000003dfa                CANCheckHealth

.text.__gmtime_r
                0x0000000000003e6c       0x6c
 .text.__gmtime_r
                0x0000000000003e6c       0x6c c:/program files/microchip/xc8/v2.36/avr/bin/../lib/gcc/avr/5.4.0/../../../../avr/lib/avr5/memx-const\libc.a(gmtime_r.o)
                0x0000000000003e6c                __gmtime_r
                0x0000000000003e6c                gmtime_r

.text.I2CTxByte
                0x0000000000003ed8       0x6a
 .text.I2CTxByte
                0x0000000000003ed8       0x6a I2c.o
                0x0000000000003ed8                I2CTxByte

.text.RTCWriteRegisters
                0x0000000000003f42       0x6a
 .text.RTCWriteRegisters
                0x0000000000003f42       0x6a rtc_mcp7940n.o
                0x0000000000003f42                RTCWriteRegisters

.text.CellDataConvertTemperature
                0x0000000000003fac       0x64
 .text.CellDataConvertTemperature
                0x0000000000003fac       0x64 main.o

.text.CANLookupCommand
                0x0000000000004010       0x62
 .text.CANLookupCommand
                0x0000000000004010       0x62 can.o

.text.libgcc.div
                0x0000000000004072       0x62
 .text.libgcc.div
                0x0000000000004072       0x62 c:/program files/microchip/xc8/v2.36/avr/bin/../lib/gcc/avr/5.4.0/avr5/memx-const\libgcc.a(_divdi3.o)
                0x0000000000004072                __moddi3
                0x0000000000004076                __divdi3
                0x0000000000004078                __divdi3_moddi3

.text.CellDataConvertVoltage
                0x00000000000040d4       0x5e
 .text.CellDataConvertVoltage
                0x00000000000040d4       0x5e main.o

.text.SPITransaction
                0x0000000000004132       0x58
 .text.SPITransaction
                0x0000000000004132       0x58 SPI.o
                0x0000000000004132                SPITransaction

.text.STORE_EndSession
                0x000000000000418a       0x58
 .text.STORE_EndSession
                0x000000000000418a       0x58 STORE.o
                0x000000000000418a                STORE_EndSession

.text.SDSendOpConditionArg
                0x00000000000041e2       0x56
 .text.SDSendOpConditionArg
                0x00000000000041e2       0x56 SD.o

.text.vUARTStarttx
                0x0000000000004238       0x56
 .text.vUARTStarttx
                0x0000000000004238       0x56 vUART.o
                0x0000000000004238                vUARTStarttx

.text.libgcc.mul
                0x000000000000428e       0x56
 .text.libgcc.mul
                0x000000000000428e       0x56 c:/program files/microchip/xc8/v2.36/avr/bin/../lib/gcc/avr/5.4.0/avr5/memx-const\libgcc.a(_umulsidi3.o)
                0x000000000000428e                __umulsidi3
                0x0000000000004290                __umulsidi3_helper

.text.StructTMToHW
                0x00000000000042e4       0x54
 .text.StructTMToHW
                0x00000000000042e4       0x54 rtc_mcp7940n.o

.text.STORE_StartNewSession
                0x0000000000004338       0x54
 .text.STORE_StartNewSession
                0x0000000000004338       0x54 STORE.o
                0x0000000000004338                STORE_StartNewSession

.text.Delay     0x000000000000438c       0x52
 .text.Delay    0x000000000000438c       0x52 main.o
                0x000000000000438c                Delay

.text.TimerInit
                0x00000000000043de       0x52
 .text.TimerInit
                0x00000000000043de       0x52 main.o
                0x00000000000043de                TimerInit

.text.__vector_28
                0x0000000000004430       0x52
 .text.__vector_28
                0x0000000000004430       0x52 main.o
                0x0000000000004430                __vector_28

.text.__vector_24
                0x0000000000004482       0x4c
 .text.__vector_24
                0x0000000000004482       0x4c main.o
                0x0000000000004482                __vector_24

.text.vUARTtxDataGet
                0x00000000000044ce       0x4c
 .text.vUARTtxDataGet
                0x00000000000044ce       0x4c vUART.o

.text.RTCStartTransaction
                0x000000000000451a       0x44
 .text.RTCStartTransaction
                0x000000000000451a       0x44 rtc_mcp7940n.o

.text.libgcc.div
                0x000000000000455e       0x44
 .text.libgcc.div
                0x000000000000455e       0x44 c:/program files/microchip/xc8/v2.36/avr/bin/../lib/gcc/avr/5.4.0/avr5/memx-const\libgcc.a(_udivmodsi4.o)
                0x000000000000455e                __udivmodsi4

.text.readGlobalState
                0x00000000000045a2       0x3e
 .text.readGlobalState
                0x00000000000045a2       0x3e STORE.o

.text.I2CUnstick
                0x00000000000045e0       0x3c
 .text.I2CUnstick
                0x00000000000045e0       0x3c I2c.o
                0x00000000000045e0                I2CUnstick

.text.__month_to_secs
                0x000000000000461c       0x3c
 .text.__month_to_secs
                0x000000000000461c       0x3c c:/program files/microchip/xc8/v2.36/avr/bin/../lib/gcc/avr/5.4.0/../../../../avr/lib/avr5/memx-const\libc.a(__month_to_secs.o)
                0x000000000000461c                __month_to_secs

.text.SDPowerup
                0x0000000000004658       0x3a
 .text.SDPowerup
                0x0000000000004658       0x3a SD.o

.text.libgcc.prologue
                0x0000000000004692       0x38
 .text.libgcc.prologue
                0x0000000000004692       0x38 c:/program files/microchip/xc8/v2.36/avr/bin/../lib/gcc/avr/5.4.0/avr5/memx-const\libgcc.a(_prologue.o)
                0x0000000000004692                __prologue_saves__

.text.vUARTInit
                0x00000000000046ca       0x36
 .text.vUARTInit
                0x00000000000046ca       0x36 vUART.o
                0x00000000000046ca                vUARTInit

.text.libgcc.prologue
                0x0000000000004700       0x36
 .text.libgcc.prologue
                0x0000000000004700       0x36 c:/program files/microchip/xc8/v2.36/avr/bin/../lib/gcc/avr/5.4.0/avr5/memx-const\libgcc.a(_epilogue.o)
                0x0000000000004700                __epilogue_restores__

.text.IsLeapYear
                0x0000000000004736       0x34
 .text.IsLeapYear
                0x0000000000004736       0x34 rtc_mcp7940n.o

.text.SDSendOpCondition
                0x000000000000476a       0x34
 .text.SDSendOpCondition
                0x000000000000476a       0x34 SD.o

.text.SDSendInterfaceCondition
                0x000000000000479e       0x34
 .text.SDSendInterfaceCondition
                0x000000000000479e       0x34 SD.o

.text.SDReadOCR
                0x00000000000047d2       0x32
 .text.SDReadOCR
                0x00000000000047d2       0x32 SD.o

.text.writeGlobalState
                0x0000000000004804       0x32
 .text.writeGlobalState
                0x0000000000004804       0x32 STORE.o

.text.memcpy    0x0000000000004836       0x32
 .text.memcpy   0x0000000000004836       0x32 c:/program files/microchip/xc8/v2.36/avr/bin/../lib/gcc/avr/5.4.0/../../../../avr/lib/avr5/memx-const\libc.a(memcpy.o)
                0x0000000000004836                memcpy

.text.libgcc.div
                0x0000000000004868       0x2e
 .text.libgcc.div
                0x0000000000004868       0x2e c:/program files/microchip/xc8/v2.36/avr/bin/../lib/gcc/avr/5.4.0/avr5/memx-const\libgcc.a(_divmodsi4.o)
                0x0000000000004868                __divmodsi4

.text.I2CStart  0x0000000000004896       0x2c
 .text.I2CStart
                0x0000000000004896       0x2c I2c.o
                0x0000000000004896                I2CStart

.text.I2CSetup  0x00000000000048c2       0x2c
 .text.I2CSetup
                0x00000000000048c2       0x2c I2c.o
                0x00000000000048c2                I2CSetup

.text.PlatformAssert
                0x00000000000048ee       0x2c
 .text.PlatformAssert
                0x00000000000048ee       0x2c main.o
                0x00000000000048ee                PlatformAssert

.text.SPIInit   0x000000000000491a       0x2c
 .text.SPIInit  0x000000000000491a       0x2c SPI.o
                0x000000000000491a                SPIInit

.text.ADCStartConversion
                0x0000000000004946       0x2a
 .text.ADCStartConversion
                0x0000000000004946       0x2a adc.o
                0x0000000000004946                ADCStartConversion

.text.I2CStartTransaction
                0x0000000000004970       0x28
 .text.I2CStartTransaction
                0x0000000000004970       0x28 I2c.o
                0x0000000000004970                I2CStartTransaction

.text.PlatformGetSendData
                0x0000000000004998       0x28
 .text.PlatformGetSendData
                0x0000000000004998       0x28 main.o
                0x0000000000004998                PlatformGetSendData

.text.vUARTInitReceive
                0x00000000000049c0       0x28
 .text.vUARTInitReceive
                0x00000000000049c0       0x28 vUART.o
                0x00000000000049c0                vUARTInitReceive

.text.libgcc.div
                0x00000000000049e8       0x28
 .text.libgcc.div
                0x00000000000049e8       0x28 c:/program files/microchip/xc8/v2.36/avr/bin/../lib/gcc/avr/5.4.0/avr5/memx-const\libgcc.a(_udivmodhi4.o)
                0x00000000000049e8                __udivmodhi4

.text.libgcc.div
                0x0000000000004a10       0x28
 .text.libgcc.div
                0x0000000000004a10       0x28 c:/program files/microchip/xc8/v2.36/avr/bin/../lib/gcc/avr/5.4.0/avr5/memx-const\libgcc.a(_divmodhi4.o)
                0x0000000000004a10                _div
                0x0000000000004a10                __divmodhi4

.text.I2CStop   0x0000000000004a38       0x26
 .text.I2CStop  0x0000000000004a38       0x26 I2c.o
                0x0000000000004a38                I2CStop

.text.ADCCallback
                0x0000000000004a5e       0x26
 .text.ADCCallback
                0x0000000000004a5e       0x26 main.o
                0x0000000000004a5e                ADCCallback

.text.__vector_1
                0x0000000000004a84       0x24
 .text.__vector_1
                0x0000000000004a84       0x24 main.o
                0x0000000000004a84                __vector_1

.text.__vector_2
                0x0000000000004aa8       0x24
 .text.__vector_2
                0x0000000000004aa8       0x24 main.o
                0x0000000000004aa8                __vector_2

.text.__vector_3
                0x0000000000004acc       0x24
 .text.__vector_3
                0x0000000000004acc       0x24 main.o
                0x0000000000004acc                __vector_3

.text.__vector_4
                0x0000000000004af0       0x24
 .text.__vector_4
                0x0000000000004af0       0x24 main.o
                0x0000000000004af0                __vector_4

.text.__vector_5
                0x0000000000004b14       0x24
 .text.__vector_5
                0x0000000000004b14       0x24 main.o
                0x0000000000004b14                __vector_5

.text.__vector_6
                0x0000000000004b38       0x24
 .text.__vector_6
                0x0000000000004b38       0x24 main.o
                0x0000000000004b38                __vector_6

.text.__vector_22
                0x0000000000004b5c       0x24
 .text.__vector_22
                0x0000000000004b5c       0x24 main.o
                0x0000000000004b5c                __vector_22

.text.__vector_9
                0x0000000000004b80       0x24
 .text.__vector_9
                0x0000000000004b80       0x24 main.o
                0x0000000000004b80                __vector_9

.text.__vector_11
                0x0000000000004ba4       0x24
 .text.__vector_11
                0x0000000000004ba4       0x24 main.o
                0x0000000000004ba4                __vector_11

.text.__vector_13
                0x0000000000004bc8       0x24
 .text.__vector_13
                0x0000000000004bc8       0x24 main.o
                0x0000000000004bc8                __vector_13

.text.__vector_14
                0x0000000000004bec       0x24
 .text.__vector_14
                0x0000000000004bec       0x24 main.o
                0x0000000000004bec                __vector_14

.text.__vector_17
                0x0000000000004c10       0x24
 .text.__vector_17
                0x0000000000004c10       0x24 main.o
                0x0000000000004c10                __vector_17

.text.__vector_19
                0x0000000000004c34       0x24
 .text.__vector_19
                0x0000000000004c34       0x24 main.o
                0x0000000000004c34                __vector_19

.text.__vector_21
                0x0000000000004c58       0x24
 .text.__vector_21
                0x0000000000004c58       0x24 main.o
                0x0000000000004c58                __vector_21

.text.__vector_25
                0x0000000000004c7c       0x24
 .text.__vector_25
                0x0000000000004c7c       0x24 main.o
                0x0000000000004c7c                __vector_25

.text.__vector_26
                0x0000000000004ca0       0x24
 .text.__vector_26
                0x0000000000004ca0       0x24 main.o
                0x0000000000004ca0                __vector_26

.text.__vector_29
                0x0000000000004cc4       0x24
 .text.__vector_29
                0x0000000000004cc4       0x24 main.o
                0x0000000000004cc4                __vector_29

.text.__vector_30
                0x0000000000004ce8       0x24
 .text.__vector_30
                0x0000000000004ce8       0x24 main.o
                0x0000000000004ce8                __vector_30

.text.vUARTRXEnd
                0x0000000000004d0c       0x24
 .text.vUARTRXEnd
                0x0000000000004d0c       0x24 main.o
                0x0000000000004d0c                vUARTRXEnd

.text.vUARTtxDataAvailable
                0x0000000000004d30       0x24
 .text.vUARTtxDataAvailable
                0x0000000000004d30       0x24 vUART.o

.text.SDGoIdle  0x0000000000004d54       0x22
 .text.SDGoIdle
                0x0000000000004d54       0x22 SD.o

.text.libgcc    0x0000000000004d76       0x20
 .text.libgcc   0x0000000000004d76       0x20 c:/program files/microchip/xc8/v2.36/avr/bin/../lib/gcc/avr/5.4.0/avr5/memx-const\libgcc.a(_negdi2.o)
                0x0000000000004d76                __negdi2

.text.libgcc.mul
                0x0000000000004d96       0x1e
 .text.libgcc.mul
                0x0000000000004d96       0x1e c:/program files/microchip/xc8/v2.36/avr/bin/../lib/gcc/avr/5.4.0/avr5/memx-const\libgcc.a(_umulhisi3.o)
                0x0000000000004d96                __umulhisi3

.text.libgcc.mul
                0x0000000000004db4       0x1e
 .text.libgcc.mul
                0x0000000000004db4       0x1e c:/program files/microchip/xc8/v2.36/avr/bin/../lib/gcc/avr/5.4.0/avr5/memx-const\libgcc.a(_mulsidi3.o)
                0x0000000000004db4                __mulsidi3

.text.libgcc.div
                0x0000000000004dd2       0x1c
 .text.libgcc.div
                0x0000000000004dd2       0x1c c:/program files/microchip/xc8/v2.36/avr/bin/../lib/gcc/avr/5.4.0/avr5/memx-const\libgcc.a(_udivdi3.o)
                0x0000000000004dd2                __umoddi3
                0x0000000000004dd6                __udivdi3
                0x0000000000004dd8                __udivdi3_umoddi3

.text.WatchdogOff
                0x0000000000004dee       0x1a
 .text.WatchdogOff
                0x0000000000004dee       0x1a main.o
                0x0000000000004dee                WatchdogOff

.text.Check5VLoss
                0x0000000000004e08       0x18
 .text.Check5VLoss
                0x0000000000004e08       0x18 main.o

.text.libgcc    0x0000000000004e20       0x18
 .text.libgcc   0x0000000000004e20       0x18 c:/program files/microchip/xc8/v2.36/avr/bin/../lib/gcc/avr/5.4.0/avr5/memx-const\libgcc.a(_xload_4.o)
                0x0000000000004e20                __xload_4

.text.libgcc    0x0000000000004e38       0x18
 .text.libgcc   0x0000000000004e38       0x18 c:/program files/microchip/xc8/v2.36/avr/bin/../lib/gcc/avr/5.4.0/avr5/memx-const\libgcc.a(_adddi3_s8.o)
                0x0000000000004e38                __adddi3_s8

.text.CANSendMessage
                0x0000000000004e50       0x16
 .text.CANSendMessage
                0x0000000000004e50       0x16 can.o
                0x0000000000004e50                CANSendMessage

.text.ModuleControllerStateSetMax
                0x0000000000004e66       0x16
 .text.ModuleControllerStateSetMax
                0x0000000000004e66       0x16 main.o

.text.vUARTRXStart
                0x0000000000004e7c       0x16
 .text.vUARTRXStart
                0x0000000000004e7c       0x16 main.o
                0x0000000000004e7c                vUARTRXStart

.text.libgcc.mul
                0x0000000000004e92       0x16
 .text.libgcc.mul
                0x0000000000004e92       0x16 c:/program files/microchip/xc8/v2.36/avr/bin/../lib/gcc/avr/5.4.0/avr5/memx-const\libgcc.a(_muluhisi3.o)
                0x0000000000004e92                __muluhisi3

.text.exit      0x0000000000004ea8       0x16
 .text.exit     0x0000000000004ea8       0x16 c:/program files/microchip/xc8/v2.36/avr/bin/../lib/gcc/avr/5.4.0/../../../../avr/lib/avr5/memx-const\libc.a(exit.o)
                0x0000000000004ea8                exit

.text.SDSetCS   0x0000000000004ebe       0x14
 .text.SDSetCS  0x0000000000004ebe       0x14 SD.o

.text.EEPROMRead
                0x0000000000004ed2       0x12
 .text.EEPROMRead
                0x0000000000004ed2       0x12 EEPROM.o
                0x0000000000004ed2                EEPROMRead

.text.memset    0x0000000000004ee4       0x12
 .text.memset   0x0000000000004ee4       0x12 c:/program files/microchip/xc8/v2.36/avr/bin/../lib/gcc/avr/5.4.0/../../../../avr/lib/avr5/memx-const\libc.a(memset.o)
                0x0000000000004ee4                memset

.text.libgcc.mul
                0x0000000000004ef6       0x12
 .text.libgcc.mul
                0x0000000000004ef6       0x12 c:/program files/microchip/xc8/v2.36/avr/bin/../lib/gcc/avr/5.4.0/avr5/memx-const\libgcc.a(_muldi3_6.o)
                0x0000000000004ef6                __muldi3_6

.text.libgcc    0x0000000000004f08       0x12
 .text.libgcc   0x0000000000004f08       0x12 c:/program files/microchip/xc8/v2.36/avr/bin/../lib/gcc/avr/5.4.0/avr5/memx-const\libgcc.a(_adddi3.o)
                0x0000000000004f08                __adddi3

.text.libgcc    0x0000000000004f1a       0x12
 .text.libgcc   0x0000000000004f1a       0x12 c:/program files/microchip/xc8/v2.36/avr/bin/../lib/gcc/avr/5.4.0/avr5/memx-const\libgcc.a(_cmpdi2.o)
                0x0000000000004f1a                __cmpdi2

.text.SendModuleControllerStatus
                0x0000000000004f2c       0x10
 .text.SendModuleControllerStatus
                0x0000000000004f2c       0x10 main.o

.text.libgcc.div
                0x0000000000004f3c       0x10
 .text.libgcc.div
                0x0000000000004f3c       0x10 c:/program files/microchip/xc8/v2.36/avr/bin/../lib/gcc/avr/5.4.0/avr5/memx-const\libgcc.a(_negsi2.o)
                0x0000000000004f3c                __negsi2

.text.libgcc.mul
                0x0000000000004f4c       0x10
 .text.libgcc.mul
                0x0000000000004f4c       0x10 c:/program files/microchip/xc8/v2.36/avr/bin/../lib/gcc/avr/5.4.0/avr5/memx-const\libgcc.a(_mulshisi3.o)
                0x0000000000004f4c                __mulshisi3
                0x0000000000004f52                __mulohisi3

.text.libgcc    0x0000000000004f5c       0x10
 .text.libgcc   0x0000000000004f5c       0x10 c:/program files/microchip/xc8/v2.36/avr/bin/../lib/gcc/avr/5.4.0/avr5/memx-const\libgcc.a(_xload_2.o)
                0x0000000000004f5c                __xload_2

.text.DebugOut  0x0000000000004f6c        0xe
 .text.DebugOut
                0x0000000000004f6c        0xe debugSerial.o
                0x0000000000004f6c                DebugOut

.text.I2CBitDelay
                0x0000000000004f7a        0xe
 .text.I2CBitDelay
                0x0000000000004f7a        0xe I2c.o

.text.SDWaitResponse7
                0x0000000000004f88        0xe
 .text.SDWaitResponse7
                0x0000000000004f88        0xe SD.o

.text.libgcc.mul
                0x0000000000004f96        0xe
 .text.libgcc.mul
                0x0000000000004f96        0xe c:/program files/microchip/xc8/v2.36/avr/bin/../lib/gcc/avr/5.4.0/avr5/memx-const\libgcc.a(_usmulhisi3.o)
                0x0000000000004f96                __usmulhisi3
                0x0000000000004f9a                __usmulhisi3_tail

.text.ADCSetPowerOn
                0x0000000000004fa4        0xc
 .text.ADCSetPowerOn
                0x0000000000004fa4        0xc adc.o
                0x0000000000004fa4                ADCSetPowerOn

.text.SetSysclock
                0x0000000000004fb0        0xc
 .text.SetSysclock
                0x0000000000004fb0        0xc main.o
                0x0000000000004fb0                SetSysclock

.text.CANSetRXCallback
                0x0000000000004fbc        0xa
 .text.CANSetRXCallback
                0x0000000000004fbc        0xa can.o
                0x0000000000004fbc                CANSetRXCallback

.text.ModuleControllerStateSet
                0x0000000000004fc6        0xa
 .text.ModuleControllerStateSet
                0x0000000000004fc6        0xa main.o

.text.vUARTRXReset
                0x0000000000004fd0        0xa
 .text.vUARTRXReset
                0x0000000000004fd0        0xa vUART.o
                0x0000000000004fd0                vUARTRXReset

.text.gmtime    0x0000000000004fda        0xa
 .text.gmtime   0x0000000000004fda        0xa c:/program files/microchip/xc8/v2.36/avr/bin/../lib/gcc/avr/5.4.0/../../../../avr/lib/avr5/memx-const\libc.a(gmtime.o)
                0x0000000000004fda                gmtime

.text.PlatformGetRegistrationID
                0x0000000000004fe4        0x6
 .text.PlatformGetRegistrationID
                0x0000000000004fe4        0x6 main.o
                0x0000000000004fe4                PlatformGetRegistrationID

.text           0x0000000000004fea        0x4
 .text          0x0000000000004fea        0x4 C:/Program Files (x86)/Atmel/Studio/7.0/Packs/atmel/ATmega_DFP/1.7.374/xc8/avr/lib/avr5/memx-const/crtatmega64m1.o
                0x0000000000004fea                __vector_7
                0x0000000000004fea                __vector_20
                0x0000000000004fea                __bad_interrupt

.text._Exit     0x0000000000004fee        0x4
 .text._Exit    0x0000000000004fee        0x4 c:/program files/microchip/xc8/v2.36/avr/bin/../lib/gcc/avr/5.4.0/../../../../avr/lib/avr5/memx-const\libc.a(_Exit.o)
                0x0000000000004fee                _Exit

.text.WatchdogReset
                0x0000000000004ff2        0x2
 .text.WatchdogReset
                0x0000000000004ff2        0x2 main.o
                0x0000000000004ff2                WatchdogReset

.text.__dummy_fini
                0x0000000000004ff4        0x2
 .text.__dummy_fini
                0x0000000000004ff4        0x2 c:/program files/microchip/xc8/v2.36/avr/bin/../lib/gcc/avr/5.4.0/../../../../avr/lib/avr5/memx-const\libc.a(exit.o)
                0x0000000000004ff4                _fini

.text.__dummy_funcs_on_exit
                0x0000000000004ff6        0x2
 .text.__dummy_funcs_on_exit
                0x0000000000004ff6        0x2 c:/program files/microchip/xc8/v2.36/avr/bin/../lib/gcc/avr/5.4.0/../../../../avr/lib/avr5/memx-const\libc.a(exit.o)
                0x0000000000004ff6                __funcs_on_exit

.text.__dummy_simulator_exit
                0x0000000000004ff8        0x2
 .text.__dummy_simulator_exit
                0x0000000000004ff8        0x2 c:/program files/microchip/xc8/v2.36/avr/bin/../lib/gcc/avr/5.4.0/../../../../avr/lib/avr5/memx-const\libc.a(exit.o)
                0x0000000000004ff8                __simulator_exit
